
> qkern-platform@1.35.0 test:functions:docker
> node scripts/functions-certification.mjs

Docker-Server 29.5.3
node.exe :  Network qkern-functions-certification_default Creating 
In Zeile:1 Zeichen:1
+ & "C:\Program Files\nodejs/node.exe" "C:\Program Files\nodejs/node_mo ...
+ ~~~~~~~~~~~~~~~~~~~~~~~~~~~~~~~~~~~~~~~~~~~~~~~~~~~~~~~~~~~~~~~~~~~~~
    + CategoryInfo          : NotSpecified: ( Network qkern-...fault Creating :String) [], RemoteException
    + FullyQualifiedErrorId : NativeCommandError
 
 Network qkern-functions-certification_default Created 
 Container qkern-functions-certification-postgres-1 Creating 
 Container qkern-functions-certification-registry-1 Creating 
 Container qkern-functions-certification-registry-1 Created 
 Container qkern-functions-certification-postgres-1 Created 
 Container qkern-functions-certification-registry-1 Starting 
 Container qkern-functions-certification-postgres-1 Starting 
 Container qkern-functions-certification-registry-1 Started 
 Container qkern-functions-certification-postgres-1 Started 
 Container qkern-functions-certification-postgres-1 Waiting 
 Container qkern-functions-certification-registry-1 Waiting 
 Container qkern-functions-certification-registry-1 Healthy 
 Container qkern-functions-certification-postgres-1 Healthy 
Test-Image 127.0.0.1:55000/qkern/probe@sha256:56ce14bcde85ed6ecc560f1f4071f44d4deea118c7b8749ccde53ce9e50360b1 (lokal entfernt, wird aus der Registry geholt)

 RUN  v4.1.10 C:/Projekte/QKERN


 Test Files  2 passed (2)
      Tests  23 passed (23)
   Start at  23:00:56
   Duration  38.69s (transform 384ms, setup 0ms, import 567ms, tests 37.35s, environment 0ms)

EXIT=0
