
> qkern-platform@2.66.0 test:functions:docker
> node scripts/functions-certification.mjs

Docker-Server 29.7.2
 Network qkern-slice-fnlogs_default Creating 
 Network qkern-slice-fnlogs_default Created 
 Container qkern-slice-fnlogs-registry-1 Creating 
 Container qkern-slice-fnlogs-postgres-1 Creating 
 Container qkern-slice-fnlogs-registry-1 Created 
 Container qkern-slice-fnlogs-postgres-1 Created 
 Container qkern-slice-fnlogs-registry-1 Starting 
 Container qkern-slice-fnlogs-postgres-1 Starting 
 Container qkern-slice-fnlogs-postgres-1 Started 
 Container qkern-slice-fnlogs-registry-1 Started 
 Container qkern-slice-fnlogs-registry-1 Waiting 
 Container qkern-slice-fnlogs-postgres-1 Waiting 
 Container qkern-slice-fnlogs-registry-1 Healthy 
 Container qkern-slice-fnlogs-postgres-1 Healthy 
Test-Image 127.0.0.1:55000/qkern/probe@sha256:9dca6db373ad7d72b49ceab1d3b89d4e09663db97b2321f9b4766947dc39d833 (lokal entfernt, wird aus der Registry geholt)

 RUN  v4.1.10 C:/Projekte/qkern/wt-tables


 Test Files  2 passed (2)
      Tests  32 passed (32)
   Start at  22:36:55
   Duration  92.42s (transform 1.49s, setup 0ms, import 2.10s, tests 89.18s, environment 1ms)

EXIT=0
EXIT=0
