 Container qkern-slice-s3c-minio-1 Running 
 Container qkern-slice-s3c-clamav-1 Running 
 Container qkern-slice-s3c-certification-1 Creating 
 Container qkern-slice-s3c-certification-1 Created 
Attaching to certification-1
 Container qkern-slice-s3c-clamav-1 Waiting 
 Container qkern-slice-s3c-clamav-1 Healthy 
 Container qkern-slice-s3c-certification-1 Starting 
 Container qkern-slice-s3c-certification-1 Started 
certification-1  | 
certification-1  | added 312 packages, and audited 313 packages in 31s
certification-1  | 
certification-1  | 90 packages are looking for funding
certification-1  |   run `npm fund` for details
certification-1  | 
certification-1  | 10 vulnerabilities (6 moderate, 3 high, 1 critical)
certification-1  | 
certification-1  | To address issues that do not require attention, run:
certification-1  |   npm audit fix
certification-1  | 
certification-1  | To address all issues, run:
certification-1  |   npm audit fix --force
certification-1  | 
certification-1  | Run `npm audit` for details.
certification-1  | npm notice
certification-1  | npm notice New minor version of npm available! 11.5.1 -> 11.20.0
certification-1  | npm notice Changelog: https://github.com/npm/cli/releases/tag/v11.20.0
certification-1  | npm notice To update run: npm install -g npm@11.20.0
certification-1  | npm notice
certification-1  | 
certification-1  | > qkern-platform@2.66.0 test:storage:provider
certification-1  | > vitest run tests/project-storage-provider.integration.test.ts tests/project-storage-s3-endpoint.integration.test.ts
certification-1  | 
certification-1  | 
certification-1  | [1m[30m[46m RUN [49m[39m[22m [36mv4.1.10 [39m[90m/workspace/qkern[39m
certification-1  | 
certification-1  |  [32m✓[39m tests/project-storage-s3-endpoint.integration.test.ts [2m([22m[2m2 tests[22m[2m)[22m[33m 384[2mms[22m[39m
certification-1  |  [32m✓[39m tests/project-storage-provider.integration.test.ts [2m([22m[2m8 tests[22m[2m)[22m[33m 1325[2mms[22m[39m
certification-1  |      [33m[2m✓[22m[39m uploads, HEAD-verifies, scans and downloads a clean object [33m 304[2mms[22m[39m
certification-1  |      [33m[2m✓[22m[39m serves a resumable upload through the full service path [33m 702[2mms[22m[39m
certification-1  | 
certification-1  | [2m Test Files [22m [1m[32m2 passed[39m[22m[90m (2)[39m
certification-1  | [2m      Tests [22m [1m[32m10 passed[39m[22m[90m (10)[39m
certification-1  | [2m   Start at [22m 20:35:51
certification-1  | [2m   Duration [22m 1.84s[2m (transform 697ms, setup 0ms, import 1.05s, tests 1.71s, environment 0ms)[22m
certification-1  | 
[Kcertification-1 exited with code 0
 Compose Stopping Aborting on container exit...
 Container qkern-slice-s3c-certification-1 Stopping 
 Container qkern-slice-s3c-certification-1 Stopped 
EXIT=0
