
> qkern-platform@2.67.0 test:functions:docker
> node scripts/functions-certification.mjs

Docker-Server 29.7.2
 Network qkern-functions-certification_default Creating 
 Network qkern-functions-certification_default Created 
 Container qkern-functions-certification-registry-1 Creating 
 Container qkern-functions-certification-postgres-1 Creating 
 Container qkern-functions-certification-registry-1 Created 
 Container qkern-functions-certification-postgres-1 Created 
 Container qkern-functions-certification-postgres-1 Starting 
 Container qkern-functions-certification-registry-1 Starting 
 Container qkern-functions-certification-registry-1 Started 
 Container qkern-functions-certification-postgres-1 Started 
 Container qkern-functions-certification-postgres-1 Waiting 
 Container qkern-functions-certification-registry-1 Waiting 
 Container qkern-functions-certification-registry-1 Healthy 
 Container qkern-functions-certification-postgres-1 Healthy 
Test-Image 127.0.0.1:55000/qkern/probe@sha256:b0c6665837d1d22a13a47a34ae6db13f4f0ec8160c32749760a7d9db67b2fe46 (lokal entfernt, wird aus der Registry geholt)

 RUN  v4.1.10 C:/Projekte/qkern/code/qkern


 Test Files  2 passed (2)
      Tests  32 passed (32)
   Start at  06:10:27
   Duration  57.94s (transform 357ms, setup 0ms, import 516ms, tests 57.00s, environment 0ms)

EXIT=0
