 Network qkern-receiver-certification_default Creating 
 Network qkern-receiver-certification_default Created 
 Network qkern-receiver-certification_internal Creating 
 Network qkern-receiver-certification_internal Created 
 Volume qkern-receiver-certification_receiver-certification-certs Creating 
 Volume qkern-receiver-certification_receiver-certification-certs Created 
 Container qkern-receiver-certification-internal-1 Creating 
 Container qkern-receiver-certification-postgres-1 Creating 
 Container qkern-receiver-certification-certs-1 Creating 
 Container qkern-receiver-certification-certs-1 Created 
 Container qkern-receiver-certification-receiver-1 Creating 
 Container qkern-receiver-certification-internal-1 Created 
 Container qkern-receiver-certification-postgres-1 Created 
 Container qkern-receiver-certification-receiver-1 Created 
 Container qkern-receiver-certification-certs-1 Starting 
 Container qkern-receiver-certification-internal-1 Starting 
 Container qkern-receiver-certification-postgres-1 Starting 
 Container qkern-receiver-certification-certs-1 Started 
 Container qkern-receiver-certification-certs-1 Waiting 
 Container qkern-receiver-certification-internal-1 Started 
 Container qkern-receiver-certification-postgres-1 Started 
 Container qkern-receiver-certification-certs-1 Exited 
 Container qkern-receiver-certification-receiver-1 Starting 
 Container qkern-receiver-certification-receiver-1 Started 
 Container qkern-receiver-certification-receiver-1 Waiting 
 Container qkern-receiver-certification-internal-1 Waiting 
 Container qkern-receiver-certification-postgres-1 Waiting 
 Container qkern-receiver-certification-certs-1 Waiting 
 Container qkern-receiver-certification-certs-1 Exited 
 Container qkern-receiver-certification-internal-1 Healthy 
 Container qkern-receiver-certification-receiver-1 Healthy 
 Container qkern-receiver-certification-postgres-1 Healthy 
 Container qkern-receiver-certification-certification-run-88d55b957f8f Creating 
 Container qkern-receiver-certification-certification-run-88d55b957f8f Created 

added 286 packages, and audited 287 packages in 13s

90 packages are looking for funding
  run `npm fund` for details

9 vulnerabilities (5 moderate, 3 high, 1 critical)

To address issues that do not require attention, run:
  npm audit fix

To address all issues, run:
  npm audit fix --force

Run `npm audit` for details.
npm notice
npm notice New minor version of npm available! 11.5.1 -> 11.20.0
npm notice Changelog: https://github.com/npm/cli/releases/tag/v11.20.0
npm notice To update run: npm install -g npm@11.20.0
npm notice

> qkern-platform@2.62.0 test:receiver
> vitest run tests/receiver.integration.test.ts


[1m[30m[46m RUN [49m[39m[22m [36mv4.1.10 [39m[90m/workspace/qkern[39m

 [32m✓[39m tests/receiver.integration.test.ts [2m([22m[2m16 tests[22m[2m)[22m[33m 4924[2mms[22m[39m
     [33m[2m✓[22m[39m delivers from the shipped process and reports it [33m 1019[2mms[22m[39m
     [33m[2m✓[22m[39m reports a refused delivery from the shipped process [33m 510[2mms[22m[39m
     [33m[2m✓[22m[39m publishes an incident from the shipped process [33m 1046[2mms[22m[39m
     [33m[2m✓[22m[39m publishes an apply request from the shipped process [33m 512[2mms[22m[39m
     [33m[2m✓[22m[39m provisions a project database from the shipped process [33m 1018[2mms[22m[39m
     [33m[2m✓[22m[39m names the failing step when its heartbeat cannot be written [33m 505[2mms[22m[39m

[2m Test Files [22m [1m[32m1 passed[39m[22m[90m (1)[39m
[2m      Tests [22m [1m[32m16 passed[39m[22m[90m (16)[39m
[2m   Start at [22m 16:59:07
[2m   Duration [22m 5.59s[2m (transform 362ms, setup 0ms, import 505ms, tests 4.92s, environment 0ms)[22m

 Container qkern-receiver-certification-postgres-1 Stopping 
 Container qkern-receiver-certification-internal-1 Stopping 
 Container qkern-receiver-certification-receiver-1 Stopping 
 Container qkern-receiver-certification-postgres-1 Stopped 
 Container qkern-receiver-certification-postgres-1 Removing 
 Container qkern-receiver-certification-postgres-1 Removed 
 Container qkern-receiver-certification-internal-1 Stopped 
 Container qkern-receiver-certification-internal-1 Removing 
 Container qkern-receiver-certification-internal-1 Removed 
 Container qkern-receiver-certification-receiver-1 Stopped 
 Container qkern-receiver-certification-receiver-1 Removing 
 Container qkern-receiver-certification-receiver-1 Removed 
 Container qkern-receiver-certification-certs-1 Stopping 
 Container qkern-receiver-certification-certs-1 Stopped 
 Container qkern-receiver-certification-certs-1 Removing 
 Container qkern-receiver-certification-certs-1 Removed 
 Network qkern-receiver-certification_internal Removing 
 Volume qkern-receiver-certification_receiver-certification-certs Removing 
 Network qkern-receiver-certification_default Removing 
 Volume qkern-receiver-certification_receiver-certification-certs Removed 
 Network qkern-receiver-certification_default Removed 
 Network qkern-receiver-certification_internal Removed 
EXIT=0
