
> qkern-platform@2.81.0 test:receiver:docker
> node scripts/receiver-certification.mjs

 Network qkern-slice-teardown-recv_default Creating 
 Network qkern-slice-teardown-recv_default Created 
 Network qkern-slice-teardown-recv_internal Creating 
 Network qkern-slice-teardown-recv_internal Created 
 Volume qkern-slice-teardown-recv_receiver-certification-certs Creating 
 Volume qkern-slice-teardown-recv_receiver-certification-certs Created 
 Container qkern-slice-teardown-recv-internal-1 Creating 
 Container qkern-slice-teardown-recv-certs-1 Creating 
 Container qkern-slice-teardown-recv-postgres-1 Creating 
 Container qkern-slice-teardown-recv-certs-1 Created 
 Container qkern-slice-teardown-recv-receiver-1 Creating 
 Container qkern-slice-teardown-recv-internal-1 Created 
 Container qkern-slice-teardown-recv-postgres-1 Created 
 Container qkern-slice-teardown-recv-receiver-1 Created 
 Container qkern-slice-teardown-recv-postgres-1 Starting 
 Container qkern-slice-teardown-recv-certs-1 Starting 
 Container qkern-slice-teardown-recv-internal-1 Starting 
 Container qkern-slice-teardown-recv-internal-1 Started 
 Container qkern-slice-teardown-recv-certs-1 Started 
 Container qkern-slice-teardown-recv-certs-1 Waiting 
 Container qkern-slice-teardown-recv-postgres-1 Started 
 Container qkern-slice-teardown-recv-certs-1 Exited 
 Container qkern-slice-teardown-recv-receiver-1 Starting 
 Container qkern-slice-teardown-recv-receiver-1 Started 
 Container qkern-slice-teardown-recv-receiver-1 Waiting 
 Container qkern-slice-teardown-recv-internal-1 Waiting 
 Container qkern-slice-teardown-recv-postgres-1 Waiting 
 Container qkern-slice-teardown-recv-certs-1 Waiting 
 Container qkern-slice-teardown-recv-internal-1 Healthy 
 Container qkern-slice-teardown-recv-certs-1 Exited 
 Container qkern-slice-teardown-recv-receiver-1 Healthy 
 Container qkern-slice-teardown-recv-postgres-1 Healthy 
 Container qkern-slice-teardown-recv-certification-run-a72034a7cf04 Creating 
 Container qkern-slice-teardown-recv-certification-run-a72034a7cf04 Created 

added 322 packages, and audited 323 packages in 1m

93 packages are looking for funding
  run `npm fund` for details

13 vulnerabilities (6 moderate, 5 high, 2 critical)

To address issues that do not require attention, run:
  npm audit fix

To address all issues, run:
  npm audit fix --force

Run `npm audit` for details.
npm notice
npm notice New minor version of npm available! 11.5.1 -> 11.21.0
npm notice Changelog: https://github.com/npm/cli/releases/tag/v11.21.0
npm notice To update run: npm install -g npm@11.21.0
npm notice

> qkern-platform@2.81.0 test:receiver
> vitest run tests/receiver.integration.test.ts


[1m[30m[46m RUN [49m[39m[22m [36mv4.1.10 [39m[90m/workspace/qkern[39m

 [32m✓[39m tests/receiver.integration.test.ts [2m([22m[2m18 tests[22m[2m)[22m[33m 18930[2mms[22m[39m
     [33m[2m✓[22m[39m delivers a signed webhook over real TLS and takes the receiver's acknowledgement [33m 481[2mms[22m[39m
     [33m[2m✓[22m[39m delivers from the shipped process and reports it [33m 5108[2mms[22m[39m
     [33m[2m✓[22m[39m reports a refused delivery from the shipped process [33m 2569[2mms[22m[39m
     [33m[2m✓[22m[39m (2.125) carries the trace of the message that triggered it out to the real receiver as traceparent, keeps it across a retry, sends none where none came in, and lets nothing else ride along [33m 679[2mms[22m[39m
     [33m[2m✓[22m[39m publishes an incident from the shipped process [33m 2616[2mms[22m[39m
     [33m[2m✓[22m[39m publishes an apply request from the shipped process [33m 2052[2mms[22m[39m
     [33m[2m✓[22m[39m provisions a project database from the shipped process [33m 3082[2mms[22m[39m
     [33m[2m✓[22m[39m (2.177) sends the signed teardown request of a purged project over real TLS, keeps the database after a refusal and confirms it with the same idempotency key [33m 342[2mms[22m[39m
     [33m[2m✓[22m[39m names the failing step when its heartbeat cannot be written [33m 1272[2mms[22m[39m

[2m Test Files [22m [1m[32m1 passed[39m[22m[90m (1)[39m
[2m      Tests [22m [1m[32m18 passed[39m[22m[90m (18)[39m
[2m   Start at [22m 16:48:04
[2m   Duration [22m 21.68s[2m (transform 1.62s, setup 0ms, import 2.14s, tests 18.93s, environment 0ms)[22m

 Container qkern-slice-teardown-recv-internal-1 Stopping 
 Container qkern-slice-teardown-recv-receiver-1 Stopping 
 Container qkern-slice-teardown-recv-postgres-1 Stopping 
 Container qkern-slice-teardown-recv-postgres-1 Stopped 
 Container qkern-slice-teardown-recv-postgres-1 Removing 
 Container qkern-slice-teardown-recv-postgres-1 Removed 
 Container qkern-slice-teardown-recv-internal-1 Stopped 
 Container qkern-slice-teardown-recv-internal-1 Removing 
 Container qkern-slice-teardown-recv-receiver-1 Stopped 
 Container qkern-slice-teardown-recv-receiver-1 Removing 
 Container qkern-slice-teardown-recv-internal-1 Removed 
 Container qkern-slice-teardown-recv-receiver-1 Removed 
 Container qkern-slice-teardown-recv-certs-1 Stopping 
 Container qkern-slice-teardown-recv-certs-1 Stopped 
 Container qkern-slice-teardown-recv-certs-1 Removing 
 Container qkern-slice-teardown-recv-certs-1 Removed 
 Network qkern-slice-teardown-recv_internal Removing 
 Network qkern-slice-teardown-recv_default Removing 
 Volume qkern-slice-teardown-recv_receiver-certification-certs Removing 
 Volume qkern-slice-teardown-recv_receiver-certification-certs Removed 
 Network qkern-slice-teardown-recv_default Removed 
 Network qkern-slice-teardown-recv_internal Removed 
EXIT=0
EXIT=0
