
> qkern-platform@1.9.0 test:auth:docker
> node scripts/auth-certification.mjs

 Image dexidp/dex:v2.41.1 Pulling 
 Image alpine/openssl:3.3.2 Pulling 
 Image axllent/mailpit:v1.21.8 Pulling 
 d0ac2d9c6e69 Pulling fs layer 0B
 14dc2d53164e Pulling fs layer 0B
 c6a83fedfae6 Pulling fs layer 0B
 c453ee6f343a Pulling fs layer 0B
 3366c9cf7837 Pulling fs layer 0B
 85f1e9196f5c Pulling fs layer 0B
 4903bb51dfe0 Pulling fs layer 0B
 9fbb810783db Pulling fs layer 0B
 7c85bc8e8ed2 Pulling fs layer 0B
 7e8f7aff942d Pulling fs layer 0B
 b5e30364d81d Pulling fs layer 0B
 1f3e46996e29 Pulling fs layer 0B
 00c6b2e9f343 Pulling fs layer 0B
 38a8310d387e Pulling fs layer 0B
 639e1f691d1e Pulling fs layer 0B
 7c85bc8e8ed2 Download complete 0B
 b5e30364d81d Downloading 2.097MB
 3366c9cf7837 Download complete 0B
 c6a83fedfae6 Downloading 1.049MB
 b5e30364d81d Download complete 0B
 00c6b2e9f343 Download complete 0B
 1f3e46996e29 Downloading 1.049MB
 c453ee6f343a Download complete 0B
 c6a83fedfae6 Downloading 2.097MB
 1f3e46996e29 Downloading 2.097MB
 7e8f7aff942d Download complete 0B
 14dc2d53164e Download complete 0B
 c6a83fedfae6 Downloading 3.623MB
 85f1e9196f5c Download complete 0B
 9fbb810783db Download complete 0B
 1f3e46996e29 Downloading 3.146MB
 d0ac2d9c6e69 Downloading 1.049MB
 38a8310d387e Downloading 1.049MB
 c6a83fedfae6 Download complete 0B
 c6a83fedfae6 Extracting 1B
 d0ac2d9c6e69 Downloading 2.097MB
 38a8310d387e Downloading 1.049MB
 639e1f691d1e Downloading 1.049MB
 1f3e46996e29 Download complete 0B
 1f3e46996e29 Extracting 1B
 c6a83fedfae6 Extracting 1B
 38a8310d387e Downloading 2.097MB
 4903bb51dfe0 Downloading 1.049MB
 d0ac2d9c6e69 Downloading 4.194MB
 639e1f691d1e Downloading 2.097MB
 1f3e46996e29 Extracting 1B
 c6a83fedfae6 Extracting 1B
 d0ac2d9c6e69 Downloading 5.243MB
 4903bb51dfe0 Downloading 1.049MB
 38a8310d387e Downloading 2.097MB
 639e1f691d1e Downloading 2.097MB
 1f3e46996e29 Extracting 1B
 c6a83fedfae6 Extracting 1B
 38a8310d387e Downloading 3.146MB
 639e1f691d1e Downloading 3.146MB
 4903bb51dfe0 Downloading 2.097MB
 d0ac2d9c6e69 Downloading 6.291MB
 b5e30364d81d Extracting 1B
 1f3e46996e29 Pull complete 0B
 b5e30364d81d Pull complete 0B
 c6a83fedfae6 Extracting 1B
 Image alpine/openssl:3.3.2 Pulled 
 d0ac2d9c6e69 Downloading 7.34MB
 4903bb51dfe0 Downloading 3.146MB
 38a8310d387e Download complete 0B
 639e1f691d1e Downloading 3.146MB
 38a8310d387e Extracting 1B
 c6a83fedfae6 Extracting 1B
 639e1f691d1e Downloading 4.194MB
 4903bb51dfe0 Downloading 3.146MB
 d0ac2d9c6e69 Downloading 8.389MB
 38a8310d387e Extracting 1B
 c6a83fedfae6 Extracting 1B
 639e1f691d1e Downloading 5.243MB
 d0ac2d9c6e69 Downloading 9.437MB
 4903bb51dfe0 Downloading 4.194MB
 38a8310d387e Extracting 1B
 c6a83fedfae6 Extracting 1B
 4903bb51dfe0 Downloading 5.243MB
 d0ac2d9c6e69 Downloading 11.53MB
 639e1f691d1e Downloading 6.291MB
 38a8310d387e Extracting 1B
 c6a83fedfae6 Pull complete 0B
 4903bb51dfe0 Downloading 6.291MB
 d0ac2d9c6e69 Downloading 12.58MB
 639e1f691d1e Downloading 6.291MB
 38a8310d387e Extracting 1B
 c453ee6f343a Pull complete 0B
 639e1f691d1e Downloading 7.34MB
 4903bb51dfe0 Downloading 7.34MB
 62fc5571fb5c Download complete 0B
 d0ac2d9c6e69 Downloading 13.63MB
 3366c9cf7837 Pull complete 0B
 38a8310d387e Pull complete 0B
 14dc2d53164e Pull complete 0B
 85f1e9196f5c Pull complete 0B
 9fbb810783db Extracting 1B
 463e8fda8d5f Download complete 0B
 639e1f691d1e Downloading 7.34MB
 4903bb51dfe0 Downloading 8.389MB
 d0ac2d9c6e69 Downloading 14.68MB
 9fbb810783db Pull complete 0B
 4903bb51dfe0 Downloading 9.437MB
 d0ac2d9c6e69 Downloading 16.78MB
 639e1f691d1e Download complete 0B
 639e1f691d1e Extracting 1B
 4903bb51dfe0 Downloading 10.49MB
 d0ac2d9c6e69 Downloading 17.83MB
 639e1f691d1e Extracting 1B
 d0ac2d9c6e69 Download complete 0B
 4903bb51dfe0 Downloading 13.63MB
 00c6b2e9f343 Extracting 1B
 639e1f691d1e Pull complete 0B
 00c6b2e9f343 Pull complete 0B
 Image axllent/mailpit:v1.21.8 Pulled 
 4903bb51dfe0 Download complete 0B
 4903bb51dfe0 Extracting 1B
 4903bb51dfe0 Extracting 1B
 4903bb51dfe0 Extracting 1B
 7c85bc8e8ed2 Pull complete 0B
 7e8f7aff942d Pull complete 0B
 4903bb51dfe0 Pull complete 0B
 d0ac2d9c6e69 Extracting 1B
 d0ac2d9c6e69 Extracting 1B
 d0ac2d9c6e69 Extracting 1B
 d0ac2d9c6e69 Pull complete 0B
 Image dexidp/dex:v2.41.1 Pulled 
 Network qkern-auth-v13-certification_default Creating 
 Network qkern-auth-v13-certification_default Created 
 Volume qkern-auth-v13-certification_auth-certification-certs Creating 
 Volume qkern-auth-v13-certification_auth-certification-certs Created 
 Container qkern-auth-v13-certification-certs-1 Creating 
 Container qkern-auth-v13-certification-mailpit-1 Creating 
 Container qkern-auth-v13-certification-mailpit-1 Created 
 Container qkern-auth-v13-certification-certs-1 Created 
 Container qkern-auth-v13-certification-dex-1 Creating 
 Container qkern-auth-v13-certification-dex-1 Created 
 Container qkern-auth-v13-certification-certification-1 Creating 
 Container qkern-auth-v13-certification-certification-1 Created 
Attaching to certification-1, certs-1, dex-1, mailpit-1
 Container qkern-auth-v13-certification-mailpit-1 Starting 
 Container qkern-auth-v13-certification-certs-1 Starting 
 Container qkern-auth-v13-certification-mailpit-1 Started 
 Container qkern-auth-v13-certification-certs-1 Started 
 Container qkern-auth-v13-certification-certs-1 Waiting 
certs-1    | ....+++++++++++++++++++++++++++++++++++++++*..+.+...+...+..+...+...+++++++++++++++++++++++++++++++++++++++*..+...+.....+....+.....+......+...+.........+...+....+...............+.....+......+....+...................................+.+...+..+............+.+..+.......+...............+.....+.+.................+...+....+...+.........+....................+....+......+.....+....+.........+.....+......+....+...........+.+.....+.+.....+...+.+........+...+.........+......+...+....+........+...................+...+...+..+......+.......+..+............+.+..+.+......+...........+.........+.+...+..+............+.+......+...........+...+.......+............+..+.+...+.....++++++
mailpit-1  | time="2026/08/04 18:50:32" level=info msg="[smtpd] enabling any authentication (insecure)"
mailpit-1  | time="2026/08/04 18:50:32" level=info msg="[smtpd] starting on [::]:1025 (no encryption)"
mailpit-1  | time="2026/08/04 18:50:32" level=info msg="[http] starting on [::]:8025"
mailpit-1  | time="2026/08/04 18:50:32" level=info msg="[http] accessible via http://localhost:8025/"
certs-1    | ..........+.......+++++++++++++++++++++++++++++++++++++++*......+.+........+............+.+...+.........+..+.+..+.+..+....+...+++++++++++++++++++++++++++++++++++++++*........+..+.......+.....+.+........+.+........+...+...+......+....+..+...+....+...+..+...+.......+...............+.....+...+.......+..++++++
certs-1    | -----
[Kcerts-1 exited with code 0
 Compose Stopping Aborting on container exit...
 Container qkern-auth-v13-certification-certification-1 Stopping 
 Container qkern-auth-v13-certification-certification-1 Stopped 
 Container qkern-auth-v13-certification-mailpit-1 Stopping 
 Container qkern-auth-v13-certification-dex-1 Stopping 
 Container qkern-auth-v13-certification-dex-1 Stopped 
 Container qkern-auth-v13-certification-certs-1 Stopping 
 Container qkern-auth-v13-certification-certs-1 Stopped 
mailpit-1  | [db] got terminated signal, shutting down
 Container qkern-auth-v13-certification-certs-1 Exited 
 Container qkern-auth-v13-certification-dex-1 Starting 
dex-1      | time=2026-08-04T18:50:33.018Z level=INFO msg="Version info" dex_version=v2.41.1 go.version=go1.22.5 go.os=linux go.arch=amd64
dex-1      | time=2026-08-04T18:50:33.018Z level=INFO msg="config issuer" issuer=https://dex.qkern.test:5556/dex
dex-1      | time=2026-08-04T18:50:33.018Z level=INFO msg="config storage" storage_type=memory
dex-1      | time=2026-08-04T18:50:33.018Z level=INFO msg="config static client" client_name="QKERN Certification"
dex-1      | time=2026-08-04T18:50:33.018Z level=INFO msg="config connector: local passwords enabled"
dex-1      | time=2026-08-04T18:50:33.018Z level=INFO msg="config skipping approval screen"
dex-1      | time=2026-08-04T18:50:33.018Z level=INFO msg="config refresh tokens rotation" enabled=true
dex-1      | time=2026-08-04T18:50:33.019Z level=INFO msg="keys expired, rotating"
 Container qkern-auth-v13-certification-dex-1 Started 
 Container qkern-auth-v13-certification-certification-1 Starting 
 Container qkern-auth-v13-certification-mailpit-1 Stopped 
[Kmailpit-1 exited with code 0
dex-1      | time=2026-08-04T18:50:33.133Z level=INFO msg="keys rotated" next_rotation=2026-08-05T00:50:33.133Z
dex-1      | time=2026-08-04T18:50:33.133Z level=INFO msg="listening on" server=https address=0.0.0.0:5556
 Container qkern-auth-v13-certification-certification-1 Started 
certification-1  | 
certification-1  | added 285 packages, and audited 286 packages in 14s
certification-1  | 
certification-1  | 89 packages are looking for funding
certification-1  |   run `npm fund` for details
certification-1  | 
certification-1  | found 0 vulnerabilities
certification-1  | npm notice
certification-1  | npm notice New minor version of npm available! 11.5.1 -> 11.19.0
certification-1  | npm notice Changelog: https://github.com/npm/cli/releases/tag/v11.19.0
certification-1  | npm notice To update run: npm install -g npm@11.19.0
certification-1  | npm notice
certification-1  | 
certification-1  | > qkern-platform@1.9.0 test:auth:provider
certification-1  | > vitest run tests/project-auth-provider.integration.test.ts
certification-1  | 
certification-1  | 
certification-1  | [1m[30m[46m RUN [49m[39m[22m [36mv4.1.10 [39m[90m/workspace/qkern[39m
certification-1  | 
dex-1            | time=2026-08-04T18:51:02.135Z level=INFO msg="login successful" connector_id=local username=oidcuser preferred_username="" email=oidc-user@qkern.test groups=[] request_id=d80c321d-c79b-49f6-b328-8bd8e8873772
dex-1            | time=2026-08-04T18:51:02.202Z level=INFO msg="login successful" connector_id=local username=oidcuser preferred_username="" email=oidc-user@qkern.test groups=[] request_id=7635e802-5818-44cc-afe4-f75f5e6ff63c
certification-1  |  [31m❯[39m tests/project-auth-provider.integration.test.ts [2m([22m[2m5 tests[22m[2m | [22m[31m5 failed[39m[2m)[22m[33m 11933[2mms[22m[39m
certification-1  | [31m     [31m×[31m delivers a verification mail over real SMTP and only the mail carries the token[39m[33m 4027[2mms[22m[39m
certification-1  | [31m     [31m×[31m delivers a magic link that signs the user in[39m[33m 3861[2mms[22m[39m
certification-1  | [31m     [31m×[31m delivers a password reset that a new password can be set with[39m[33m 3830[2mms[22m[39m
certification-1  | [31m     [31m×[31m completes a real OIDC authorization code flow with PKCE against Dex[39m[32m 148[2mms[22m[39m
certification-1  | [31m     [31m×[31m refuses a replayed authorization state[39m[32m 64[2mms[22m[39m
certification-1  | 
certification-1  | [31m⎯⎯⎯⎯⎯⎯⎯[39m[1m[41m Failed Tests 5 [49m[22m[31m⎯⎯⎯⎯⎯⎯⎯[39m
certification-1  | 
certification-1  | [41m[1m FAIL [22m[49m tests/project-auth-provider.integration.test.ts[2m > [22mProject Auth provider certification[2m > [22mdelivers a verification mail over real SMTP and only the mail carries the token
certification-1  | [31m[1mProjectAuthError[22m: DELIVERY_UNAVAILABLE[39m
certification-1  | [36m [2m❯[22m SmtpProjectAuthDelivery.deliver lib/server/project-auth/smtp-delivery.ts:[2m151:13[22m[39m
certification-1  |     [90m149|[39m       [90m// server text outward.[39m
certification-1  |     [90m150|[39m       [35mif[39m (error [35minstanceof[39m [33mConfigurationError[39m) [35mthrow[39m error[33m;[39m
certification-1  |     [90m151|[39m       [35mthrow[39m [35mnew[39m [33mProjectAuthError[39m([32m"DELIVERY_UNAVAILABLE"[39m)[33m;[39m
certification-1  |     [90m   |[39m             [31m^[39m
certification-1  |     [90m152|[39m     } [35mfinally[39m {
certification-1  |     [90m153|[39m       session[33m?.[39m[34mdestroy[39m()[33m;[39m
certification-1  | [90m [2m❯[22m ProjectAuthService.issueDeliveryToken lib/server/project-auth/service.ts:[2m619:5[22m[39m
certification-1  | [90m [2m❯[22m ProjectAuthService.signUp lib/server/project-auth/service.ts:[2m177:19[22m[39m
certification-1  | [90m [2m❯[22m tests/project-auth-provider.integration.test.ts:[2m170:20[22m[39m
certification-1  | 
certification-1  | [31m[2m⎯⎯⎯⎯⎯⎯⎯⎯⎯⎯⎯⎯⎯⎯⎯⎯⎯⎯⎯⎯⎯⎯⎯⎯[1/5]⎯[22m[39m
certification-1  | 
certification-1  | [41m[1m FAIL [22m[49m tests/project-auth-provider.integration.test.ts[2m > [22mProject Auth provider certification[2m > [22mdelivers a magic link that signs the user in
certification-1  | [31m[1mProjectAuthError[22m: DELIVERY_UNAVAILABLE[39m
certification-1  | [36m [2m❯[22m SmtpProjectAuthDelivery.deliver lib/server/project-auth/smtp-delivery.ts:[2m151:13[22m[39m
certification-1  |     [90m149|[39m       [90m// server text outward.[39m
certification-1  |     [90m150|[39m       [35mif[39m (error [35minstanceof[39m [33mConfigurationError[39m) [35mthrow[39m error[33m;[39m
certification-1  |     [90m151|[39m       [35mthrow[39m [35mnew[39m [33mProjectAuthError[39m([32m"DELIVERY_UNAVAILABLE"[39m)[33m;[39m
certification-1  |     [90m   |[39m             [31m^[39m
certification-1  |     [90m152|[39m     } [35mfinally[39m {
certification-1  |     [90m153|[39m       session[33m?.[39m[34mdestroy[39m()[33m;[39m
certification-1  | [90m [2m❯[22m ProjectAuthService.issueDeliveryToken lib/server/project-auth/service.ts:[2m619:5[22m[39m
certification-1  | [90m [2m❯[22m ProjectAuthService.signUp lib/server/project-auth/service.ts:[2m177:19[22m[39m
certification-1  | [90m [2m❯[22m tests/project-auth-provider.integration.test.ts:[2m189:5[22m[39m
certification-1  | 
certification-1  | [31m[2m⎯⎯⎯⎯⎯⎯⎯⎯⎯⎯⎯⎯⎯⎯⎯⎯⎯⎯⎯⎯⎯⎯⎯⎯[2/5]⎯[22m[39m
certification-1  | 
certification-1  | [41m[1m FAIL [22m[49m tests/project-auth-provider.integration.test.ts[2m > [22mProject Auth provider certification[2m > [22mdelivers a password reset that a new password can be set with
certification-1  | [31m[1mProjectAuthError[22m: DELIVERY_UNAVAILABLE[39m
certification-1  | [36m [2m❯[22m SmtpProjectAuthDelivery.deliver lib/server/project-auth/smtp-delivery.ts:[2m151:13[22m[39m
certification-1  |     [90m149|[39m       [90m// server text outward.[39m
certification-1  |     [90m150|[39m       [35mif[39m (error [35minstanceof[39m [33mConfigurationError[39m) [35mthrow[39m error[33m;[39m
certification-1  |     [90m151|[39m       [35mthrow[39m [35mnew[39m [33mProjectAuthError[39m([32m"DELIVERY_UNAVAILABLE"[39m)[33m;[39m
certification-1  |     [90m   |[39m             [31m^[39m
certification-1  |     [90m152|[39m     } [35mfinally[39m {
certification-1  |     [90m153|[39m       session[33m?.[39m[34mdestroy[39m()[33m;[39m
certification-1  | [90m [2m❯[22m ProjectAuthService.issueDeliveryToken lib/server/project-auth/service.ts:[2m619:5[22m[39m
certification-1  | [90m [2m❯[22m ProjectAuthService.signUp lib/server/project-auth/service.ts:[2m177:19[22m[39m
certification-1  | [90m [2m❯[22m tests/project-auth-provider.integration.test.ts:[2m213:5[22m[39m
certification-1  | 
certification-1  | [31m[2m⎯⎯⎯⎯⎯⎯⎯⎯⎯⎯⎯⎯⎯⎯⎯⎯⎯⎯⎯⎯⎯⎯⎯⎯[3/5]⎯[22m[39m
certification-1  | 
certification-1  | [41m[1m FAIL [22m[49m tests/project-auth-provider.integration.test.ts[2m > [22mProject Auth provider certification[2m > [22mcompletes a real OIDC authorization code flow with PKCE against Dex
certification-1  | [31m[1mTypeError[22m: fetch failed[39m
certification-1  | [36m [2m❯[22m authorizeWithDex tests/project-auth-provider.integration.test.ts:[2m129:22[22m[39m
certification-1  |     [90m127|[39m
certification-1  |     [90m128|[39m   [35mfor[39m ([35mlet[39m hop [33m=[39m [34m0[39m[33m;[39m hop [33m<[39m [34m10[39m[33m;[39m hop [33m+=[39m [34m1[39m) {
certification-1  |     [90m129|[39m     [35mconst[39m response [33m=[39m [35mawait[39m [34mfetch[39m(current[33m,[39m { redirect[33m:[39m [32m"manual"[39m })[33m;[39m
certification-1  |     [90m   |[39m                      [31m^[39m
certification-1  |     [90m130|[39m     [35mconst[39m location [33m=[39m response[33m.[39mheaders[33m.[39m[35mget[39m([32m"location"[39m)[33m;[39m
certification-1  |     [90m131|[39m
certification-1  | [90m [2m❯[22m tests/project-auth-provider.integration.test.ts:[2m244:29[22m[39m
certification-1  | 
certification-1  | {
certification-1  |   stack: 'AggregateError: \n' +
certification-1  |     '    at internalConnectMultiple (node:net:1134:18)\n' +
certification-1  |     '    at afterConnectMultiple (node:net:1715:7)',
certification-1  |   errors: [
certification-1  |     {
certification-1  |       stack: 'Error: connect ECONNREFUSED ::1:3000\n' +
certification-1  |         '    at createConnectionError (node:net:1678:14)\n' +
certification-1  |         '    at afterConnectMultiple (node:net:1708:16)',
certification-1  |       message: 'connect ECONNREFUSED ::1:3000',
certification-1  |       errno: -111,
certification-1  |       code: 'ECONNREFUSED',
certification-1  |       syscall: 'connect',
certification-1  |       address: '::1',
certification-1  |       port: 3000,
certification-1  |       constructor: 'Function<Error>',
certification-1  |       name: 'Error',
certification-1  |       toString: 'Function<toString>'
certification-1  |     },
certification-1  |     {
certification-1  |       stack: 'Error: connect ECONNREFUSED 127.0.0.1:3000\n' +
certification-1  |         '    at createConnectionError (node:net:1678:14)\n' +
certification-1  |         '    at afterConnectMultiple (node:net:1708:16)',
certification-1  |       message: 'connect ECONNREFUSED 127.0.0.1:3000',
certification-1  |       errno: -111,
certification-1  |       code: 'ECONNREFUSED',
certification-1  |       syscall: 'connect',
certification-1  |       address: '127.0.0.1',
certification-1  |       port: 3000,
certification-1  |       constructor: 'Function<Error>',
certification-1  |       name: 'Error',
certification-1  |       toString: 'Function<toString>'
certification-1  |     }
certification-1  |   ],
certification-1  |   code: 'ECONNREFUSED',
certification-1  |   constructor: 'Function<AggregateError>',
certification-1  |   name: 'Caused by: AggregateError',
certification-1  |   message: '',
certification-1  |   toString: 'Function<toString>',
certification-1  |   stacks: []
certification-1  | }
certification-1  | [31m[2m⎯⎯⎯⎯⎯⎯⎯⎯⎯⎯⎯⎯⎯⎯⎯⎯⎯⎯⎯⎯⎯⎯⎯⎯⎯⎯⎯⎯⎯⎯[22m[39m
certification-1  | [31m[1mSerialized Error:[22m[39m [90m{ errors: [ { stack: 'Error: connect ECONNREFUSED ::1:3000\n    at createConnectionError (node:net:1678:14)\n    at afterConnectMultiple (node:net:1708:16)', message: 'connect ECONNREFUSED ::1:3000', errno: -111, code: 'ECONNREFUSED', syscall: 'connect', address: '::1', port: 3000, constructor: 'Function<Error>', name: 'Error', toString: 'Function<toString>' }, { stack: 'Error: connect ECONNREFUSED 127.0.0.1:3000\n    at createConnectionError (node:net:1678:14)\n    at afterConnectMultiple (node:net:1708:16)', message: 'connect ECONNREFUSED 127.0.0.1:3000', errno: -111, code: 'ECONNREFUSED', syscall: 'connect', address: '127.0.0.1', port: 3000, constructor: 'Function<Error>', name: 'Error', toString: 'Function<toString>' } ], code: 'ECONNREFUSED' }[39m
certification-1  | [31m[2m⎯⎯⎯⎯⎯⎯⎯⎯⎯⎯⎯⎯⎯⎯⎯⎯⎯⎯⎯⎯⎯⎯⎯⎯[4/5]⎯[22m[39m
certification-1  | 
certification-1  | [41m[1m FAIL [22m[49m tests/project-auth-provider.integration.test.ts[2m > [22mProject Auth provider certification[2m > [22mrefuses a replayed authorization state
certification-1  | [31m[1mTypeError[22m: fetch failed[39m
certification-1  | [36m [2m❯[22m authorizeWithDex tests/project-auth-provider.integration.test.ts:[2m129:22[22m[39m
certification-1  |     [90m127|[39m
certification-1  |     [90m128|[39m   [35mfor[39m ([35mlet[39m hop [33m=[39m [34m0[39m[33m;[39m hop [33m<[39m [34m10[39m[33m;[39m hop [33m+=[39m [34m1[39m) {
certification-1  |     [90m129|[39m     [35mconst[39m response [33m=[39m [35mawait[39m [34mfetch[39m(current[33m,[39m { redirect[33m:[39m [32m"manual"[39m })[33m;[39m
certification-1  |     [90m   |[39m                      [31m^[39m
certification-1  |     [90m130|[39m     [35mconst[39m location [33m=[39m response[33m.[39mheaders[33m.[39m[35mget[39m([32m"location"[39m)[33m;[39m
certification-1  |     [90m131|[39m
certification-1  | [90m [2m❯[22m tests/project-auth-provider.integration.test.ts:[2m258:29[22m[39m
certification-1  | 
certification-1  | {
certification-1  |   stack: 'AggregateError: \n' +
certification-1  |     '    at internalConnectMultiple (node:net:1134:18)\n' +
certification-1  |     '    at afterConnectMultiple (node:net:1715:7)',
certification-1  |   errors: [
certification-1  |     {
certification-1  |       stack: 'Error: connect ECONNREFUSED ::1:3000\n' +
certification-1  |         '    at createConnectionError (node:net:1678:14)\n' +
certification-1  |         '    at afterConnectMultiple (node:net:1708:16)',
certification-1  |       message: 'connect ECONNREFUSED ::1:3000',
certification-1  |       errno: -111,
certification-1  |       code: 'ECONNREFUSED',
certification-1  |       syscall: 'connect',
certification-1  |       address: '::1',
certification-1  |       port: 3000,
certification-1  |       constructor: 'Function<Error>',
certification-1  |       name: 'Error',
certification-1  |       toString: 'Function<toString>'
certification-1  |     },
certification-1  |     {
certification-1  |       stack: 'Error: connect ECONNREFUSED 127.0.0.1:3000\n' +
certification-1  |         '    at createConnectionError (node:net:1678:14)\n' +
certification-1  |         '    at afterConnectMultiple (node:net:1708:16)',
certification-1  |       message: 'connect ECONNREFUSED 127.0.0.1:3000',
certification-1  |       errno: -111,
certification-1  |       code: 'ECONNREFUSED',
certification-1  |       syscall: 'connect',
certification-1  |       address: '127.0.0.1',
certification-1  |       port: 3000,
certification-1  |       constructor: 'Function<Error>',
certification-1  |       name: 'Error',
certification-1  |       toString: 'Function<toString>'
certification-1  |     }
certification-1  |   ],
certification-1  |   code: 'ECONNREFUSED',
certification-1  |   constructor: 'Function<AggregateError>',
certification-1  |   name: 'Caused by: AggregateError',
certification-1  |   message: '',
certification-1  |   toString: 'Function<toString>',
certification-1  |   stacks: []
certification-1  | }
certification-1  | [31m[2m⎯⎯⎯⎯⎯⎯⎯⎯⎯⎯⎯⎯⎯⎯⎯⎯⎯⎯⎯⎯⎯⎯⎯⎯⎯⎯⎯⎯⎯⎯[22m[39m
certification-1  | [31m[1mSerialized Error:[22m[39m [90m{ errors: [ { stack: 'Error: connect ECONNREFUSED ::1:3000\n    at createConnectionError (node:net:1678:14)\n    at afterConnectMultiple (node:net:1708:16)', message: 'connect ECONNREFUSED ::1:3000', errno: -111, code: 'ECONNREFUSED', syscall: 'connect', address: '::1', port: 3000, constructor: 'Function<Error>', name: 'Error', toString: 'Function<toString>' }, { stack: 'Error: connect ECONNREFUSED 127.0.0.1:3000\n    at createConnectionError (node:net:1678:14)\n    at afterConnectMultiple (node:net:1708:16)', message: 'connect ECONNREFUSED 127.0.0.1:3000', errno: -111, code: 'ECONNREFUSED', syscall: 'connect', address: '127.0.0.1', port: 3000, constructor: 'Function<Error>', name: 'Error', toString: 'Function<toString>' } ], code: 'ECONNREFUSED' }[39m
certification-1  | [31m[2m⎯⎯⎯⎯⎯⎯⎯⎯⎯⎯⎯⎯⎯⎯⎯⎯⎯⎯⎯⎯⎯⎯⎯⎯[5/5]⎯[22m[39m
certification-1  | 
certification-1  | 
certification-1  | [2m Test Files [22m [1m[31m1 failed[39m[22m[90m (1)[39m
certification-1  | [2m      Tests [22m [1m[31m5 failed[39m[22m[90m (5)[39m
certification-1  | [2m   Start at [22m 18:50:49
certification-1  | [2m   Duration [22m 12.31s[2m (transform 163ms, setup 0ms, import 208ms, tests 11.93s, environment 0ms)[22m
certification-1  | 
[Kcertification-1 exited with code 1
[Kmailpit-1 has been recreated
[Kcerts-1 has been recreated
[Kdex-1 has been recreated
dex-1            | time=2026-08-04T19:01:33.344Z level=INFO msg="shutdown now" err="received signal terminated"
[Kdex-1 exited with code 0
[Kcertification-1 has been recreated
mailpit-1        | time="2026/08/04 19:01:34" level=info msg="[smtpd] enabling any authentication (insecure)"
mailpit-1        | time="2026/08/04 19:01:34" level=info msg="[smtpd] starting on [::]:1025 (no encryption)"
mailpit-1        | time="2026/08/04 19:01:34" level=info msg="[http] starting on [::]:8025"
mailpit-1        | time="2026/08/04 19:01:34" level=info msg="[http] accessible via http://localhost:8025/"
certs-1          | ...+....+...........+.........+...............+++++++++++++++++++++++++++++++++++++++*.........+....+.....+....+..+++++++++++++++++++++++++++++++++++++++*...+......+.................................+.....+....+...+...+..+..........+...............+..+.............+..+.......+...+...........+............+...............+....+...........+....+..............+......+.+.....+....+.....+......+....+...+..+................+.........+...+..................+..+.+..+....+........+.+.....+.........+...+...+.+...........+....+...+........+.............+......+...+.....+..................+.......+.....+......+......+.........+....+..+...+......+......+....+........................+........+...+.+........+.+......+...+..+.+.........+........+.+..+.......+...+.....+...+.+...........+.............+..+.......++++++
certs-1          | .+......+.+.....+...+.......+........+...+++++++++++++++++++++++++++++++++++++++*..+...+....+.....................+.........+......+..+.......+..+....+.....+++++++++++++++++++++++++++++++++++++++*.+....+.....................+...+.....+.............+..+.+..+...+............+...+....+...+.....+.......+......+..............+......+.+.........+..+....+....................+...+...+...+.+......+..+......+...................+...............+........+...+.+...+..........................+......+.+........+....+...+..............+.+............++++++
certs-1          | -----
[Kcerts-1 exited with code 0
mailpit-1        | [db] got terminated signal, shutting down
dex-1            | time=2026-08-04T19:01:35.747Z level=INFO msg="Version info" dex_version=v2.41.1 go.version=go1.22.5 go.os=linux go.arch=amd64
dex-1            | time=2026-08-04T19:01:35.747Z level=INFO msg="config issuer" issuer=https://dex.qkern.test:5556/dex
dex-1            | time=2026-08-04T19:01:35.747Z level=INFO msg="config storage" storage_type=memory
dex-1            | time=2026-08-04T19:01:35.747Z level=INFO msg="config static client" client_name="QKERN Certification"
dex-1            | time=2026-08-04T19:01:35.747Z level=INFO msg="config connector: local passwords enabled"
dex-1            | time=2026-08-04T19:01:35.747Z level=INFO msg="config skipping approval screen"
dex-1            | time=2026-08-04T19:01:35.747Z level=INFO msg="config refresh tokens rotation" enabled=true
dex-1            | time=2026-08-04T19:01:35.749Z level=INFO msg="keys expired, rotating"
dex-1            | time=2026-08-04T19:01:35.869Z level=INFO msg="keys rotated" next_rotation=2026-08-05T01:01:35.869Z
dex-1            | time=2026-08-04T19:01:35.869Z level=INFO msg="listening on" server=https address=0.0.0.0:5556
[Kmailpit-1 exited with code 0
certification-1  | 
certification-1  | added 285 packages, and audited 286 packages in 12s
certification-1  | 
certification-1  | 89 packages are looking for funding
certification-1  |   run `npm fund` for details
certification-1  | 
certification-1  | found 0 vulnerabilities
certification-1  | npm notice
certification-1  | npm notice New minor version of npm available! 11.5.1 -> 11.19.0
certification-1  | npm notice Changelog: https://github.com/npm/cli/releases/tag/v11.19.0
certification-1  | npm notice To update run: npm install -g npm@11.19.0
certification-1  | npm notice
certification-1  | 
certification-1  | > qkern-platform@1.9.0 test:auth:provider
certification-1  | > vitest run tests/project-auth-provider.integration.test.ts
certification-1  | 
certification-1  | 
certification-1  | [1m[30m[46m RUN [49m[39m[22m [36mv4.1.10 [39m[90m/workspace/qkern[39m
certification-1  | 
dex-1            | time=2026-08-04T19:02:02.278Z level=INFO msg="login successful" connector_id=local username=oidcuser preferred_username="" email=oidc-user@qkern.test groups=[] request_id=2686a0d5-1115-4fb5-9684-b6d143ccbb76
dex-1            | time=2026-08-04T19:02:02.346Z level=INFO msg="login successful" connector_id=local username=oidcuser preferred_username="" email=oidc-user@qkern.test groups=[] request_id=aa8df587-4d53-48d7-b5aa-a1326bfc3252
certification-1  |  [31m❯[39m tests/project-auth-provider.integration.test.ts [2m([22m[2m5 tests[22m[2m | [22m[31m3 failed[39m[2m)[22m[33m 11933[2mms[22m[39m
certification-1  | [31m     [31m×[31m delivers a verification mail over real SMTP and only the mail carries the token[39m[33m 4012[2mms[22m[39m
certification-1  | [31m     [31m×[31m delivers a magic link that signs the user in[39m[33m 3865[2mms[22m[39m
certification-1  | [31m     [31m×[31m delivers a password reset that a new password can be set with[39m[33m 3866[2mms[22m[39m
certification-1  |      [32m✓[39m completes a real OIDC authorization code flow with PKCE against Dex[32m 124[2mms[22m[39m
certification-1  |      [32m✓[39m refuses a replayed authorization state[32m 64[2mms[22m[39m
certification-1  | 
certification-1  | [31m⎯⎯⎯⎯⎯⎯⎯[39m[1m[41m Failed Tests 3 [49m[22m[31m⎯⎯⎯⎯⎯⎯⎯[39m
certification-1  | 
certification-1  | [41m[1m FAIL [22m[49m tests/project-auth-provider.integration.test.ts[2m > [22mProject Auth provider certification[2m > [22mdelivers a verification mail over real SMTP and only the mail carries the token
certification-1  | [31m[1mProjectAuthError[22m: DELIVERY_UNAVAILABLE[39m
certification-1  | [36m [2m❯[22m SmtpProjectAuthDelivery.deliver lib/server/project-auth/smtp-delivery.ts:[2m153:13[22m[39m
certification-1  |     [90m151|[39m       [90m// against a real mail server is impossible to diagnose.[39m
certification-1  |     [90m152|[39m       [35mif[39m (error [35minstanceof[39m [33mConfigurationError[39m) [35mthrow[39m error[33m;[39m
certification-1  |     [90m153|[39m       throw new ProjectAuthError("DELIVERY_UNAVAILABLE", undefined, { …
certification-1  |     [90m   |[39m             [31m^[39m
certification-1  |     [90m154|[39m     } [35mfinally[39m {
certification-1  |     [90m155|[39m       session[33m?.[39m[34mdestroy[39m()[33m;[39m
certification-1  | [90m [2m❯[22m ProjectAuthService.issueDeliveryToken lib/server/project-auth/service.ts:[2m627:5[22m[39m
certification-1  | [90m [2m❯[22m ProjectAuthService.signUp lib/server/project-auth/service.ts:[2m185:19[22m[39m
certification-1  | [90m [2m❯[22m tests/project-auth-provider.integration.test.ts:[2m182:20[22m[39m
certification-1  | 
certification-1  | [31m[1mCaused by: Error[22m: SMTP connection failed[39m
certification-1  | [36m [2m❯[22m Socket.onError lib/server/project-auth/smtp-delivery.ts:[2m398:14[22m[39m
certification-1  | 
certification-1  | [31m[2m⎯⎯⎯⎯⎯⎯⎯⎯⎯⎯⎯⎯⎯⎯⎯⎯⎯⎯⎯⎯⎯⎯⎯⎯[1/3]⎯[22m[39m
certification-1  | 
certification-1  | [41m[1m FAIL [22m[49m tests/project-auth-provider.integration.test.ts[2m > [22mProject Auth provider certification[2m > [22mdelivers a magic link that signs the user in
certification-1  | [31m[1mProjectAuthError[22m: DELIVERY_UNAVAILABLE[39m
certification-1  | [36m [2m❯[22m SmtpProjectAuthDelivery.deliver lib/server/project-auth/smtp-delivery.ts:[2m153:13[22m[39m
certification-1  |     [90m151|[39m       [90m// against a real mail server is impossible to diagnose.[39m
certification-1  |     [90m152|[39m       [35mif[39m (error [35minstanceof[39m [33mConfigurationError[39m) [35mthrow[39m error[33m;[39m
certification-1  |     [90m153|[39m       throw new ProjectAuthError("DELIVERY_UNAVAILABLE", undefined, { …
certification-1  |     [90m   |[39m             [31m^[39m
certification-1  |     [90m154|[39m     } [35mfinally[39m {
certification-1  |     [90m155|[39m       session[33m?.[39m[34mdestroy[39m()[33m;[39m
certification-1  | [90m [2m❯[22m ProjectAuthService.issueDeliveryToken lib/server/project-auth/service.ts:[2m627:5[22m[39m
certification-1  | [90m [2m❯[22m ProjectAuthService.signUp lib/server/project-auth/service.ts:[2m185:19[22m[39m
certification-1  | [90m [2m❯[22m tests/project-auth-provider.integration.test.ts:[2m201:5[22m[39m
certification-1  | 
certification-1  | [31m[1mCaused by: Error[22m: SMTP connection failed[39m
certification-1  | [36m [2m❯[22m Socket.onError lib/server/project-auth/smtp-delivery.ts:[2m398:14[22m[39m
certification-1  | 
certification-1  | [31m[2m⎯⎯⎯⎯⎯⎯⎯⎯⎯⎯⎯⎯⎯⎯⎯⎯⎯⎯⎯⎯⎯⎯⎯⎯[2/3]⎯[22m[39m
certification-1  | 
certification-1  | [41m[1m FAIL [22m[49m tests/project-auth-provider.integration.test.ts[2m > [22mProject Auth provider certification[2m > [22mdelivers a password reset that a new password can be set with
certification-1  | [31m[1mProjectAuthError[22m: DELIVERY_UNAVAILABLE[39m
certification-1  | [36m [2m❯[22m SmtpProjectAuthDelivery.deliver lib/server/project-auth/smtp-delivery.ts:[2m153:13[22m[39m
certification-1  |     [90m151|[39m       [90m// against a real mail server is impossible to diagnose.[39m
certification-1  |     [90m152|[39m       [35mif[39m (error [35minstanceof[39m [33mConfigurationError[39m) [35mthrow[39m error[33m;[39m
certification-1  |     [90m153|[39m       throw new ProjectAuthError("DELIVERY_UNAVAILABLE", undefined, { …
certification-1  |     [90m   |[39m             [31m^[39m
certification-1  |     [90m154|[39m     } [35mfinally[39m {
certification-1  |     [90m155|[39m       session[33m?.[39m[34mdestroy[39m()[33m;[39m
certification-1  | [90m [2m❯[22m ProjectAuthService.issueDeliveryToken lib/server/project-auth/service.ts:[2m627:5[22m[39m
certification-1  | [90m [2m❯[22m ProjectAuthService.signUp lib/server/project-auth/service.ts:[2m185:19[22m[39m
certification-1  | [90m [2m❯[22m tests/project-auth-provider.integration.test.ts:[2m225:5[22m[39m
certification-1  | 
certification-1  | [31m[1mCaused by: Error[22m: SMTP connection failed[39m
certification-1  | [36m [2m❯[22m Socket.onError lib/server/project-auth/smtp-delivery.ts:[2m398:14[22m[39m
certification-1  | 
certification-1  | [31m[2m⎯⎯⎯⎯⎯⎯⎯⎯⎯⎯⎯⎯⎯⎯⎯⎯⎯⎯⎯⎯⎯⎯⎯⎯[3/3]⎯[22m[39m
certification-1  | 
certification-1  | 
certification-1  | [2m Test Files [22m [1m[31m1 failed[39m[22m[90m (1)[39m
certification-1  | [2m      Tests [22m [1m[31m3 failed[39m[22m[2m | [22m[1m[32m2 passed[39m[22m[90m (5)[39m
certification-1  | [2m   Start at [22m 19:01:50
certification-1  | [2m   Duration [22m 12.28s[2m (transform 154ms, setup 0ms, import 193ms, tests 11.93s, environment 0ms)[22m
certification-1  | 
[Kcertification-1 exited with code 1
[Kmailpit-1 has been recreated
[Kcerts-1 has been recreated
[Kdex-1 has been recreated
dex-1            | time=2026-08-04T19:07:44.351Z level=INFO msg="shutdown now" err="received signal terminated"
[Kdex-1 exited with code 0
[Kcertification-1 has been recreated
mailpit-1        | time="2026/08/04 19:07:45" level=info msg="[smtpd] enabling any authentication (insecure)"
mailpit-1        | time="2026/08/04 19:07:45" level=info msg="[smtpd] starting on [::]:1025 (no encryption)"
mailpit-1        | time="2026/08/04 19:07:45" level=info msg="[http] starting on [::]:8025"
mailpit-1        | time="2026/08/04 19:07:45" level=info msg="[http] accessible via http://localhost:8025/"
certs-1          | .+....+...+...+........+....+...+..+.+..+.......+...............+..................+..............+...+.+.....+....+..+.+.....+...+......+....+.................+.......+..+......+...+.......+...+..+....+......+++++++++++++++++++++++++++++++++++++++*..+....+........+++++++++++++++++++++++++++++++++++++++*...+.....+................+..+...+...+......+.............+..+....+.....+....+........+....+.........+..+...+.+.........+..+...+......+....+.................+.......+...+..+..........+..+.+...+..+.........+.+...+.........+......+..+....+........+...+....+...+..+.+..+......+......+...+.......+..............+.+...........+.........+.+...+.........+....................+.+.....+......+....+..............+.+......+...............+...+........+.......+.....+...+.........+...+......+....+...+...+.....+....+...+........+.....................+.+..+...+...+...............+....+.....................+......++++++
certs-1          | ....+++++++++++++++++++++++++++++++++++++++*.........+...+.........+.+........+.+.....+.+...+..+...+......+.+...+++++++++++++++++++++++++++++++++++++++*..+....+.....+.+...+........+...+....+......+...........+.+..+.+..+.......+............+...+...+.....+.............+......+...+.....+...+...............+............+.......+.....+....+.....+.+...+...+.....+.........+.+............+.....+.......+........+.+.........+...+.....+.......++++++
certs-1          | -----
[Kcerts-1 exited with code 0
mailpit-1        | [db] got terminated signal, shutting down
dex-1            | time=2026-08-04T19:07:46.762Z level=INFO msg="Version info" dex_version=v2.41.1 go.version=go1.22.5 go.os=linux go.arch=amd64
dex-1            | time=2026-08-04T19:07:46.763Z level=INFO msg="config issuer" issuer=https://dex.qkern.test:5556/dex
dex-1            | time=2026-08-04T19:07:46.763Z level=INFO msg="config storage" storage_type=memory
dex-1            | time=2026-08-04T19:07:46.763Z level=INFO msg="config static client" client_name="QKERN Certification"
dex-1            | time=2026-08-04T19:07:46.763Z level=INFO msg="config connector: local passwords enabled"
dex-1            | time=2026-08-04T19:07:46.763Z level=INFO msg="config skipping approval screen"
dex-1            | time=2026-08-04T19:07:46.763Z level=INFO msg="config refresh tokens rotation" enabled=true
dex-1            | time=2026-08-04T19:07:46.764Z level=INFO msg="keys expired, rotating"
[Kmailpit-1 exited with code 0
dex-1            | time=2026-08-04T19:07:46.988Z level=INFO msg="keys rotated" next_rotation=2026-08-05T01:07:46.988Z
dex-1            | time=2026-08-04T19:07:46.988Z level=INFO msg="listening on" server=https address=0.0.0.0:5556
dex-1            | time=2026-08-04T19:07:47.658Z level=INFO msg="shutdown now" err="received signal terminated"
[Kdex-1 exited with code 0
mailpit-1        | time="2026/08/04 19:08:49" level=info msg="[smtpd] enabling any authentication (insecure)"
mailpit-1        | time="2026/08/04 19:08:49" level=info msg="[smtpd] starting on [::]:1025 (no encryption)"
mailpit-1        | time="2026/08/04 19:08:49" level=info msg="[http] starting on [::]:8025"
mailpit-1        | time="2026/08/04 19:08:49" level=info msg="[http] accessible via http://localhost:8025/"
certs-1          | .....+.+.....+....+.....+...+...+.......+...........+++++++++++++++++++++++++++++++++++++++*..+...+..+.+.....+......+..........+++++++++++++++++++++++++++++++++++++++*.......+...+..+.......+..+...............+.+.....+...+......+.............+...+...+.....+....+..+..........+...+........+..........+..+...+....+...+.....+.+...........+....+......+...+...+.....+..........+..............+.+...+.................+...+..........+..+.......+..+...+...............+.+.....+....+...............+..+.+...............+.....+....+...+..+....+.....+....+........+...+.+.....+................+...+...........+.+..+......+.......+............+......+..+....+...+.....+.+.........+........+.........+...+......................+...+...+..+............+......+...+.........+.+.........+.....+......+.+........+...+..........+..+.+......+........+.+.....+.+.....+......+.......+......++++++
certs-1          | .+..+....+.........+...........+....+.....+++++++++++++++++++++++++++++++++++++++*..+..+.+...+......+.....+...+++++++++++++++++++++++++++++++++++++++*...+......+....+...........+....+...............+.....+.+...+...+...+.....+...................+..+......+....+...+..+.............+...+............+.....+......+.+...+........+............+......+.......+.....+.........+.+........+.....................+....+..+............+..........+......+.....+....+..+...+.+......+.........+..+.........+.+..+................+..+...................+.....+......+.......+......+............+...+......+.....+....+.....+.+.....+......+...............+............+.+......+.........+..+....+..............+....+............+.....+.+..+......+....+..+..........+.....+.............+..+.+..+..........+......+.................+..........+..+.+.....+...................+...+........+.+...+..+.+............+...+.........+.....+...+...+.......+...+...+.....+.+..............+......+...+.+.....+.+...............+......+............+.....+...+....+.........+.....+..........+..+....+......+.................+.+.....+.+...+...+..+...+....+...+..+.+...+...........+....+..+.........+................+..+...+.........+...+.....................................+...+......+..+...+.......+.....+....+........+......+.+...+...+..+...+.......+...+.........+........+............+.+........+.+.........+............+...+..+....+.........+.........+.....+......+.+.....+...+.+.................+....+........+......+.......+.....+.........+.+.....+....+..................+...........+.........+.+......+......+.....+.......+.................+......+...+......+.+..+.+.........+..+.........+....+......+.........+..+..........+......+.....+...+.+......+..+......+...............+....+......+..+.........+....+......+......+...+......+...+..+..........+........+...+..................+......................+..+.+...............+......+......+..+......+....+..+..........+........+.+......+.....+...+..........+..+....++++++
certs-1          | -----
[Kcerts-1 exited with code 0
dex-1            | time=2026-08-04T19:08:50.404Z level=INFO msg="Version info" dex_version=v2.41.1 go.version=go1.22.5 go.os=linux go.arch=amd64
dex-1            | time=2026-08-04T19:08:50.404Z level=INFO msg="config issuer" issuer=https://dex.qkern.test:5556/dex
dex-1            | time=2026-08-04T19:08:50.404Z level=INFO msg="config storage" storage_type=memory
dex-1            | time=2026-08-04T19:08:50.404Z level=INFO msg="config static client" client_name="QKERN Certification"
dex-1            | time=2026-08-04T19:08:50.404Z level=INFO msg="config connector: local passwords enabled"
dex-1            | time=2026-08-04T19:08:50.404Z level=INFO msg="config skipping approval screen"
dex-1            | time=2026-08-04T19:08:50.404Z level=INFO msg="config refresh tokens rotation" enabled=true
dex-1            | time=2026-08-04T19:08:50.405Z level=INFO msg="keys expired, rotating"
dex-1            | time=2026-08-04T19:08:50.449Z level=INFO msg="keys rotated" next_rotation=2026-08-05T01:08:50.449Z
dex-1            | time=2026-08-04T19:08:50.449Z level=INFO msg="listening on" server=https address=0.0.0.0:5556
qkern-auth-v13-certification-certification-run-bcade746dd8a  | 
qkern-auth-v13-certification-certification-run-bcade746dd8a  | added 285 packages, and audited 286 packages in 12s
qkern-auth-v13-certification-certification-run-bcade746dd8a  | 
qkern-auth-v13-certification-certification-run-bcade746dd8a  | 89 packages are looking for funding
qkern-auth-v13-certification-certification-run-bcade746dd8a  |   run `npm fund` for details
qkern-auth-v13-certification-certification-run-bcade746dd8a  | 
qkern-auth-v13-certification-certification-run-bcade746dd8a  | found 0 vulnerabilities
qkern-auth-v13-certification-certification-run-bcade746dd8a  | npm notice
qkern-auth-v13-certification-certification-run-bcade746dd8a  | npm notice New minor version of npm available! 11.5.1 -> 11.19.0
qkern-auth-v13-certification-certification-run-bcade746dd8a  | npm notice Changelog: https://github.com/npm/cli/releases/tag/v11.19.0
qkern-auth-v13-certification-certification-run-bcade746dd8a  | npm notice To update run: npm install -g npm@11.19.0
qkern-auth-v13-certification-certification-run-bcade746dd8a  | npm notice
qkern-auth-v13-certification-certification-run-bcade746dd8a  | 
qkern-auth-v13-certification-certification-run-bcade746dd8a  | > qkern-platform@1.9.0 test:auth:provider
qkern-auth-v13-certification-certification-run-bcade746dd8a  | > vitest run tests/project-auth-provider.integration.test.ts
qkern-auth-v13-certification-certification-run-bcade746dd8a  | 
qkern-auth-v13-certification-certification-run-bcade746dd8a  | 
qkern-auth-v13-certification-certification-run-bcade746dd8a  | [1m[30m[46m RUN [49m[39m[22m [36mv4.1.10 [39m[90m/workspace/qkern[39m
qkern-auth-v13-certification-certification-run-bcade746dd8a  | 
dex-1                                                        | time=2026-08-04T19:09:07.020Z level=INFO msg="login successful" connector_id=local username=oidcuser preferred_username="" email=oidc-user@qkern.test groups=[] request_id=37e34bc2-3440-4b05-8bfa-b40ec9c38adc
dex-1                                                        | time=2026-08-04T19:09:07.096Z level=INFO msg="login successful" connector_id=local username=oidcuser preferred_username="" email=oidc-user@qkern.test groups=[] request_id=5593fbb4-dc6b-481e-96fc-772726292bc9
qkern-auth-v13-certification-certification-run-bcade746dd8a  |  [32m✓[39m tests/project-auth-provider.integration.test.ts [2m([22m[2m5 tests[22m[2m)[22m[33m 335[2mms[22m[39m
qkern-auth-v13-certification-certification-run-bcade746dd8a  | 
qkern-auth-v13-certification-certification-run-bcade746dd8a  | [2m Test Files [22m [1m[32m1 passed[39m[22m[90m (1)[39m
qkern-auth-v13-certification-certification-run-bcade746dd8a  | [2m      Tests [22m [1m[32m5 passed[39m[22m[90m (5)[39m
qkern-auth-v13-certification-certification-run-bcade746dd8a  | [2m   Start at [22m 19:09:06
qkern-auth-v13-certification-certification-run-bcade746dd8a  | [2m   Duration [22m 753ms[2m (transform 165ms, setup 0ms, import 211ms, tests 335ms, environment 0ms)[22m
qkern-auth-v13-certification-certification-run-bcade746dd8a  | 
[Kqkern-auth-v13-certification-certification-run-bcade746dd8a exited with code 0
mailpit-1                                                    | [db] got terminated signal, shutting down
dex-1                                                        | time=2026-08-04T19:09:08.611Z level=INFO msg="shutdown now" err="received signal terminated"
[Kdex-1 exited with code 0
[Kmailpit-1 exited with code 0
certs-1                                                      | .....+.....+++++++++++++++++++++++++++++++++++++++*........+...........+.......+...+...+......+...+..+...+......+......+......+.......+++++++++++++++++++++++++++++++++++++++*..........+.....+...+.......+..+..................+.............+...+..............+.+.....+.+...+...........+.+...+..+....+.....+.........+................+.....+.+......+.........+.....+.........+.......+..+...+...+......+..........+.....+....+..+.............+......+...+........+...+.........+.+..+.......+..+...+.+...........+...+...+.......+.....+.......+......+...............+...+..+....+.........+............+...+......+...+..+...+.......+...............+.....+...+............+....+..+...+....+..+...+.+.................+..................+...............+............+....+...+...+.....+...+...............+......+...+...+....+.....+....+...............+.....+.+..............++++++
certs-1                                                      | ........+..+....+.....+.+...+............+.....+...+.+.....+...+...+++++++++++++++++++++++++++++++++++++++*....+......+..+++++++++++++++++++++++++++++++++++++++*..+.+.....+.......+......+......+...+.....+.+.........+......+...........+...+.+.....+......+.+.....+....+.....+....+.........+......+.........+..+.........+.+...+...+........+.+...+...........+.+......+...+..+...+.++++++
certs-1                                                      | -----
mailpit-1                                                    | time="2026/08/04 19:09:35" level=info msg="[smtpd] enabling any authentication (insecure)"
mailpit-1                                                    | time="2026/08/04 19:09:35" level=info msg="[smtpd] starting on [::]:1025 (no encryption)"
mailpit-1                                                    | time="2026/08/04 19:09:35" level=info msg="[http] starting on [::]:8025"
mailpit-1                                                    | time="2026/08/04 19:09:35" level=info msg="[http] accessible via http://localhost:8025/"
[Kcerts-1 exited with code 0
dex-1                                                        | time=2026-08-04T19:09:36.546Z level=INFO msg="Version info" dex_version=v2.41.1 go.version=go1.22.5 go.os=linux go.arch=amd64
dex-1                                                        | time=2026-08-04T19:09:36.546Z level=INFO msg="config issuer" issuer=https://dex.qkern.test:5556/dex
dex-1                                                        | time=2026-08-04T19:09:36.546Z level=INFO msg="config storage" storage_type=memory
dex-1                                                        | time=2026-08-04T19:09:36.546Z level=INFO msg="config static client" client_name="QKERN Certification"
dex-1                                                        | time=2026-08-04T19:09:36.546Z level=INFO msg="config connector: local passwords enabled"
dex-1                                                        | time=2026-08-04T19:09:36.546Z level=INFO msg="config skipping approval screen"
dex-1                                                        | time=2026-08-04T19:09:36.546Z level=INFO msg="config refresh tokens rotation" enabled=true
dex-1                                                        | time=2026-08-04T19:09:36.547Z level=INFO msg="keys expired, rotating"
dex-1                                                        | time=2026-08-04T19:09:36.644Z level=INFO msg="keys rotated" next_rotation=2026-08-05T01:09:36.644Z
dex-1                                                        | time=2026-08-04T19:09:36.644Z level=INFO msg="listening on" server=https address=0.0.0.0:5556
qkern-auth-v13-certification-certification-run-b8c70c23b51b  | 
qkern-auth-v13-certification-certification-run-b8c70c23b51b  | added 285 packages, and audited 286 packages in 17s
qkern-auth-v13-certification-certification-run-b8c70c23b51b  | 
qkern-auth-v13-certification-certification-run-b8c70c23b51b  | 89 packages are looking for funding
qkern-auth-v13-certification-certification-run-b8c70c23b51b  |   run `npm fund` for details
qkern-auth-v13-certification-certification-run-b8c70c23b51b  | 
qkern-auth-v13-certification-certification-run-b8c70c23b51b  | found 0 vulnerabilities
qkern-auth-v13-certification-certification-run-b8c70c23b51b  | npm notice
qkern-auth-v13-certification-certification-run-b8c70c23b51b  | npm notice New minor version of npm available! 11.5.1 -> 11.19.0
qkern-auth-v13-certification-certification-run-b8c70c23b51b  | npm notice Changelog: https://github.com/npm/cli/releases/tag/v11.19.0
qkern-auth-v13-certification-certification-run-b8c70c23b51b  | npm notice To update run: npm install -g npm@11.19.0
qkern-auth-v13-certification-certification-run-b8c70c23b51b  | npm notice
qkern-auth-v13-certification-certification-run-b8c70c23b51b  | 
qkern-auth-v13-certification-certification-run-b8c70c23b51b  | > qkern-platform@1.9.0 test:auth:provider
qkern-auth-v13-certification-certification-run-b8c70c23b51b  | > vitest run tests/project-auth-provider.integration.test.ts
qkern-auth-v13-certification-certification-run-b8c70c23b51b  | 
qkern-auth-v13-certification-certification-run-b8c70c23b51b  | 
qkern-auth-v13-certification-certification-run-b8c70c23b51b  | [1m[30m[46m RUN [49m[39m[22m [36mv4.1.10 [39m[90m/workspace/qkern[39m
qkern-auth-v13-certification-certification-run-b8c70c23b51b  | 
dex-1                                                        | time=2026-08-04T19:09:59.182Z level=INFO msg="login successful" connector_id=local username=oidcuser preferred_username="" email=oidc-user@qkern.test groups=[] request_id=9b1731ed-baff-4ca8-a578-23ae3aeb92d6
dex-1                                                        | time=2026-08-04T19:09:59.284Z level=INFO msg="login successful" connector_id=local username=oidcuser preferred_username="" email=oidc-user@qkern.test groups=[] request_id=caf91799-e0c0-4eb5-af2f-300edb1c811a
qkern-auth-v13-certification-certification-run-b8c70c23b51b  |  [32m✓[39m tests/project-auth-provider.integration.test.ts [2m([22m[2m5 tests[22m[2m)[22m[33m 515[2mms[22m[39m
qkern-auth-v13-certification-certification-run-b8c70c23b51b  | 
qkern-auth-v13-certification-certification-run-b8c70c23b51b  | [2m Test Files [22m [1m[32m1 passed[39m[22m[90m (1)[39m
qkern-auth-v13-certification-certification-run-b8c70c23b51b  | [2m      Tests [22m [1m[32m5 passed[39m[22m[90m (5)[39m
qkern-auth-v13-certification-certification-run-b8c70c23b51b  | [2m   Start at [22m 19:09:58
qkern-auth-v13-certification-certification-run-b8c70c23b51b  | [2m   Duration [22m 978ms[2m (transform 189ms, setup 0ms, import 238ms, tests 515ms, environment 0ms)[22m
qkern-auth-v13-certification-certification-run-b8c70c23b51b  | 
[Kqkern-auth-v13-certification-certification-run-b8c70c23b51b exited with code 0
dex-1                                                        | time=2026-08-04T19:10:02.444Z level=INFO msg="shutdown now" err="received signal terminated"
mailpit-1                                                    | [db] got terminated signal, shutting down
[Kdex-1 exited with code 0
[Kmailpit-1 exited with code 0
mailpit-1                                                    | time="2026/08/04 19:12:40" level=info msg="[smtpd] enabling any authentication (insecure)"
mailpit-1                                                    | time="2026/08/04 19:12:40" level=info msg="[smtpd] starting on [::]:1025 (no encryption)"
mailpit-1                                                    | time="2026/08/04 19:12:40" level=info msg="[http] starting on [::]:8025"
mailpit-1                                                    | time="2026/08/04 19:12:40" level=info msg="[http] accessible via http://localhost:8025/"
certs-1                                                      | ................+.........+....+......+..+....+.....+....+......+.........+..+....+...........+...+++++++++++++++++++++++++++++++++++++++*.+........+.............+++++++++++++++++++++++++++++++++++++++*......+.+............+.....+...+...+.+......+...+..+.........+.+...+.........+..+....+..+....+.........+...........+................+..+.+.........+...+...............+...+.........+.....+.+..+.........+....+.....+....+............+.....+.+...+...........+.............+..++++++
certs-1                                                      | .....+++++++++++++++++++++++++++++++++++++++*.+............+...+........+....+......+.........+..+...+...+++++++++++++++++++++++++++++++++++++++*......+.........+.....+.........+....+...+........+....+...........+.......+..+...+....+........+.+..+.......+...+.....+.............+......+.....+....+..+...+....+...............+.................+....+..+.............+..+...+.+..............+.......+..+...............+...+............+.......+...........+...+......+...+.......+.........+.....+.+......+.....+...+....+...+....................+...+.+...+..+......+...+......+....+..+.......+......+....................+.........+...+..........+..+...............+...+...+......+.+..+...+...+.+......+............+...+.........+........+...+...+.+..............+.+.....+.........+.......+..+.+......+...+...+.....+..........+.....+.......+..+.+..+.+....................+.........+.+..+....+.....................+..+.+..+.......+..+.+.....+.........+.+...+.........+..+.+..................+.....+.+........+...+...+.......+..++++++
certs-1                                                      | -----
[Kcerts-1 exited with code 0
dex-1                                                        | time=2026-08-04T19:12:41.574Z level=INFO msg="Version info" dex_version=v2.41.1 go.version=go1.22.5 go.os=linux go.arch=amd64
dex-1                                                        | time=2026-08-04T19:12:41.574Z level=INFO msg="config issuer" issuer=https://dex.qkern.test:5556/dex
dex-1                                                        | time=2026-08-04T19:12:41.574Z level=INFO msg="config storage" storage_type=memory
dex-1                                                        | time=2026-08-04T19:12:41.574Z level=INFO msg="config static client" client_name="QKERN Certification"
dex-1                                                        | time=2026-08-04T19:12:41.574Z level=INFO msg="config connector: local passwords enabled"
dex-1                                                        | time=2026-08-04T19:12:41.574Z level=INFO msg="config skipping approval screen"
dex-1                                                        | time=2026-08-04T19:12:41.574Z level=INFO msg="config refresh tokens rotation" enabled=true
dex-1                                                        | time=2026-08-04T19:12:41.577Z level=INFO msg="keys expired, rotating"
dex-1                                                        | time=2026-08-04T19:12:41.685Z level=INFO msg="keys rotated" next_rotation=2026-08-05T01:12:41.685Z
dex-1                                                        | time=2026-08-04T19:12:41.685Z level=INFO msg="listening on" server=https address=0.0.0.0:5556
qkern-auth-v13-certification-certification-run-40649ee934c2  | 
qkern-auth-v13-certification-certification-run-40649ee934c2  | added 285 packages, and audited 286 packages in 11s
qkern-auth-v13-certification-certification-run-40649ee934c2  | 
qkern-auth-v13-certification-certification-run-40649ee934c2  | 89 packages are looking for funding
qkern-auth-v13-certification-certification-run-40649ee934c2  |   run `npm fund` for details
qkern-auth-v13-certification-certification-run-40649ee934c2  | 
qkern-auth-v13-certification-certification-run-40649ee934c2  | found 0 vulnerabilities
qkern-auth-v13-certification-certification-run-40649ee934c2  | npm notice
qkern-auth-v13-certification-certification-run-40649ee934c2  | npm notice New minor version of npm available! 11.5.1 -> 11.19.0
qkern-auth-v13-certification-certification-run-40649ee934c2  | npm notice Changelog: https://github.com/npm/cli/releases/tag/v11.19.0
qkern-auth-v13-certification-certification-run-40649ee934c2  | npm notice To update run: npm install -g npm@11.19.0
qkern-auth-v13-certification-certification-run-40649ee934c2  | npm notice
qkern-auth-v13-certification-certification-run-40649ee934c2  | 
qkern-auth-v13-certification-certification-run-40649ee934c2  | > qkern-platform@1.10.0 test:auth:provider
qkern-auth-v13-certification-certification-run-40649ee934c2  | > vitest run tests/project-auth-provider.integration.test.ts
qkern-auth-v13-certification-certification-run-40649ee934c2  | 
qkern-auth-v13-certification-certification-run-40649ee934c2  | 
qkern-auth-v13-certification-certification-run-40649ee934c2  | [1m[30m[46m RUN [49m[39m[22m [36mv4.1.10 [39m[90m/workspace/qkern[39m
qkern-auth-v13-certification-certification-run-40649ee934c2  | 
dex-1                                                        | time=2026-08-04T19:12:56.914Z level=INFO msg="login successful" connector_id=local username=oidcuser preferred_username="" email=oidc-user@qkern.test groups=[] request_id=4313e690-45e2-48d3-a52c-99caeaefcf96
dex-1                                                        | time=2026-08-04T19:12:56.973Z level=INFO msg="login successful" connector_id=local username=oidcuser preferred_username="" email=oidc-user@qkern.test groups=[] request_id=8af5a931-fae8-446a-9600-0df45cb2b8df
qkern-auth-v13-certification-certification-run-40649ee934c2  |  [32m✓[39m tests/project-auth-provider.integration.test.ts [2m([22m[2m5 tests[22m[2m)[22m[32m 253[2mms[22m[39m
qkern-auth-v13-certification-certification-run-40649ee934c2  | 
qkern-auth-v13-certification-certification-run-40649ee934c2  | [2m Test Files [22m [1m[32m1 passed[39m[22m[90m (1)[39m
qkern-auth-v13-certification-certification-run-40649ee934c2  | [2m      Tests [22m [1m[32m5 passed[39m[22m[90m (5)[39m
qkern-auth-v13-certification-certification-run-40649ee934c2  | [2m   Start at [22m 19:12:56
qkern-auth-v13-certification-certification-run-40649ee934c2  | [2m   Duration [22m 578ms[2m (transform 136ms, setup 0ms, import 174ms, tests 253ms, environment 0ms)[22m
qkern-auth-v13-certification-certification-run-40649ee934c2  | 
[Kqkern-auth-v13-certification-certification-run-40649ee934c2 exited with code 0
dex-1                                                        | time=2026-08-04T19:12:58.101Z level=INFO msg="shutdown now" err="received signal terminated"
mailpit-1                                                    | [db] got terminated signal, shutting down
[Kdex-1 exited with code 0
[Kmailpit-1 exited with code 0
