
> qkern-platform@1.8.0-alpha.1 test:postgres:docker
> node scripts/postgres-certification.mjs

 Network qkern-v023-certification_default Creating 
 Network qkern-v023-certification_default Created 
 Container qkern-v023-certification-postgres-1 Creating 
 Container qkern-v023-certification-postgres-1 Created 
 Container qkern-v023-certification-certification-1 Creating 
 Container qkern-v023-certification-certification-1 Created 
Attaching to certification-1, postgres-1
 Container qkern-v023-certification-postgres-1 Starting 
 Container qkern-v023-certification-postgres-1 Started 
 Container qkern-v023-certification-postgres-1 Waiting 
postgres-1  | The files belonging to this database system will be owned by user "postgres".
postgres-1  | This user must also own the server process.
postgres-1  | 
postgres-1  | The database cluster will be initialized with locale "en_US.utf8".
postgres-1  | The default database encoding has accordingly been set to "UTF8".
postgres-1  | The default text search configuration will be set to "english".
postgres-1  | 
postgres-1  | Data page checksums are disabled.
postgres-1  | 
postgres-1  | fixing permissions on existing directory /var/lib/postgresql/data ... ok
postgres-1  | creating subdirectories ... ok
postgres-1  | selecting dynamic shared memory implementation ... posix
postgres-1  | selecting default "max_connections" ... 100
postgres-1  | selecting default "shared_buffers" ... 128MB
postgres-1  | selecting default time zone ... UTC
postgres-1  | creating configuration files ... ok
postgres-1  | running bootstrap script ... ok
postgres-1  | sh: locale: not found
postgres-1  | 2026-08-04 18:08:18.110 UTC [44] WARNING:  no usable system locales were found
postgres-1  | performing post-bootstrap initialization ... ok
postgres-1  | initdb: warning: enabling "trust" authentication for local connections
postgres-1  | initdb: hint: You can change this by editing pg_hba.conf or using the option -A, or --auth-local and --auth-host, the next time you run initdb.
postgres-1  | syncing data to disk ... ok
postgres-1  | 
postgres-1  | 
postgres-1  | Success. You can now start the database server using:
postgres-1  | 
postgres-1  |     pg_ctl -D /var/lib/postgresql/data -l logfile start
postgres-1  | 
postgres-1  | waiting for server to start....2026-08-04 18:08:19.858 UTC [58] LOG:  starting PostgreSQL 17.10 on x86_64-pc-linux-musl, compiled by gcc (Alpine 15.2.0) 15.2.0, 64-bit
postgres-1  | 2026-08-04 18:08:19.871 UTC [58] LOG:  listening on Unix socket "/var/run/postgresql/.s.PGSQL.5432"
postgres-1  | 2026-08-04 18:08:19.877 UTC [61] LOG:  database system was shut down at 2026-08-04 18:08:19 UTC
postgres-1  | 2026-08-04 18:08:19.888 UTC [58] LOG:  database system is ready to accept connections
postgres-1  |  done
postgres-1  | server started
postgres-1  | CREATE DATABASE
postgres-1  | 
postgres-1  | 
postgres-1  | /usr/local/bin/docker-entrypoint.sh: running /docker-entrypoint-initdb.d/000-certification-init.sh
postgres-1  | certification-init: applying 0001_control_plane.sql
postgres-1  | CREATE EXTENSION
postgres-1  | CREATE TYPE
postgres-1  | CREATE TYPE
postgres-1  | CREATE TABLE
postgres-1  | CREATE TABLE
postgres-1  | CREATE TABLE
postgres-1  | CREATE TABLE
postgres-1  | CREATE INDEX
postgres-1  | CREATE TABLE
postgres-1  | CREATE TABLE
postgres-1  | CREATE INDEX
postgres-1  | CREATE TABLE
postgres-1  | CREATE INDEX
postgres-1  | CREATE TABLE
postgres-1  | CREATE TABLE
postgres-1  | CREATE INDEX
postgres-1  | ALTER TABLE
postgres-1  | ALTER TABLE
postgres-1  | ALTER TABLE
postgres-1  | ALTER TABLE
postgres-1  | ALTER TABLE
postgres-1  | CREATE POLICY
postgres-1  | CREATE POLICY
postgres-1  | CREATE POLICY
postgres-1  | CREATE POLICY
postgres-1  | CREATE POLICY
postgres-1  | certification-init: applying 0002_repository_hardening.sql
postgres-1  | BEGIN
postgres-1  | CREATE FUNCTION
postgres-1  | ALTER TABLE
postgres-1  | ALTER TABLE
postgres-1  | ALTER TABLE
postgres-1  | ALTER TABLE
postgres-1  | ALTER TABLE
postgres-1  | ALTER TABLE
postgres-1  | UPDATE 0
postgres-1  | ALTER TABLE
postgres-1  | CREATE INDEX
postgres-1  | CREATE INDEX
postgres-1  | CREATE FUNCTION
postgres-1  | CREATE TRIGGER
postgres-1  | CREATE TRIGGER
postgres-1  | CREATE TRIGGER
postgres-1  | CREATE FUNCTION
postgres-1  | CREATE FUNCTION
postgres-1  | CREATE TRIGGER
postgres-1  | CREATE TRIGGER
postgres-1  | ALTER TABLE
postgres-1  | ALTER TABLE
postgres-1  | ALTER TABLE
postgres-1  | ALTER TABLE
postgres-1  | ALTER TABLE
postgres-1  | ALTER TABLE
postgres-1  | ALTER TABLE
postgres-1  | ALTER TABLE
postgres-1  | ALTER TABLE
postgres-1  | ALTER TABLE
postgres-1  | ALTER TABLE
postgres-1  | ALTER TABLE
postgres-1  | ALTER TABLE
postgres-1  | ALTER TABLE
postgres-1  | ALTER TABLE
postgres-1  | ALTER TABLE
postgres-1  | DROP POLICY
postgres-1  | DROP POLICY
postgres-1  | DROP POLICY
postgres-1  | DROP POLICY
postgres-1  | DROP POLICY
postgres-1  | CREATE POLICY
postgres-1  | CREATE POLICY
postgres-1  | CREATE POLICY
postgres-1  | CREATE POLICY
postgres-1  | CREATE POLICY
postgres-1  | CREATE POLICY
postgres-1  | CREATE POLICY
postgres-1  | CREATE POLICY
postgres-1  | CREATE POLICY
postgres-1  | CREATE POLICY
postgres-1  | CREATE POLICY
postgres-1  | CREATE POLICY
postgres-1  | CREATE POLICY
postgres-1  | CREATE POLICY
postgres-1  | CREATE POLICY
postgres-1  | CREATE POLICY
postgres-1  | CREATE POLICY
postgres-1  | CREATE POLICY
postgres-1  | CREATE POLICY
postgres-1  | CREATE POLICY
postgres-1  | CREATE POLICY
postgres-1  | CREATE POLICY
postgres-1  | CREATE POLICY
postgres-1  | CREATE POLICY
postgres-1  | DO
postgres-1  | REVOKE
postgres-1  | GRANT
postgres-1  | GRANT
postgres-1  | GRANT
postgres-1  | GRANT
postgres-1  | GRANT
postgres-1  | GRANT
postgres-1  | GRANT
postgres-1  | GRANT
postgres-1  | GRANT
postgres-1  | GRANT
postgres-1  | GRANT
postgres-1  | GRANT
postgres-1  | GRANT
postgres-1  | COMMIT
postgres-1  | certification-init: applying 0003_auth_and_memberships.sql
postgres-1  | BEGIN
postgres-1  | ALTER TABLE
postgres-1  | ALTER TABLE
postgres-1  | UPDATE 0
postgres-1  | ALTER TABLE
postgres-1  | CREATE INDEX
postgres-1  | CREATE TRIGGER
postgres-1  | CREATE TABLE
postgres-1  | CREATE INDEX
postgres-1  | CREATE INDEX
postgres-1  | CREATE FUNCTION
postgres-1  | DO
postgres-1  | REVOKE
postgres-1  | REVOKE
postgres-1  | GRANT
postgres-1  | GRANT
postgres-1  | GRANT
postgres-1  | GRANT
postgres-1  | COMMIT
postgres-1  | certification-init: applying 0004_artifact_and_workspace_integrity.sql
postgres-1  | BEGIN
postgres-1  | ALTER TABLE
postgres-1  | CREATE INDEX
postgres-1  | ALTER TABLE
postgres-1  | ALTER TABLE
postgres-1  | ALTER TABLE
postgres-1  | CREATE FUNCTION
postgres-1  | CREATE TRIGGER
postgres-1  | CREATE FUNCTION
postgres-1  | CREATE TRIGGER
postgres-1  | REVOKE
postgres-1  | GRANT
postgres-1  | REVOKE
postgres-1  | GRANT
postgres-1  | GRANT
postgres-1  | GRANT
postgres-1  | COMMIT
postgres-1  | certification-init: applying 0005_migration_apply_queue.sql
postgres-1  | BEGIN
postgres-1  | CREATE TYPE
postgres-1  | CREATE TYPE
postgres-1  | CREATE TABLE
postgres-1  | CREATE INDEX
postgres-1  | CREATE INDEX
postgres-1  | CREATE TABLE
postgres-1  | CREATE INDEX
postgres-1  | CREATE TRIGGER
postgres-1  | CREATE TRIGGER
postgres-1  | CREATE FUNCTION
postgres-1  | CREATE TRIGGER
postgres-1  | CREATE FUNCTION
postgres-1  | CREATE TRIGGER
postgres-1  | ALTER TABLE
postgres-1  | ALTER TABLE
postgres-1  | ALTER TABLE
postgres-1  | ALTER TABLE
postgres-1  | CREATE POLICY
postgres-1  | CREATE POLICY
postgres-1  | CREATE POLICY
postgres-1  | CREATE POLICY
postgres-1  | CREATE POLICY
postgres-1  | CREATE POLICY
postgres-1  | REVOKE
postgres-1  | REVOKE
postgres-1  | REVOKE
postgres-1  | GRANT
postgres-1  | GRANT
postgres-1  | GRANT
postgres-1  | GRANT
postgres-1  | GRANT
postgres-1  | GRANT
postgres-1  | GRANT
postgres-1  | GRANT
postgres-1  | GRANT
postgres-1  | COMMIT
postgres-1  | certification-init: applying 0006_worker_runtime_boundary.sql
postgres-1  | BEGIN
postgres-1  | DO
postgres-1  | ALTER TABLE
postgres-1  | ALTER TABLE
postgres-1  | UPDATE 0
postgres-1  | ALTER TABLE
postgres-1  | REVOKE
postgres-1  | REVOKE
postgres-1  | REVOKE
postgres-1  | GRANT
postgres-1  | REVOKE
postgres-1  | REVOKE
postgres-1  | GRANT
postgres-1  | GRANT
postgres-1  | GRANT
postgres-1  | GRANT
postgres-1  | GRANT
postgres-1  | GRANT
postgres-1  | GRANT
postgres-1  | GRANT
postgres-1  | GRANT
postgres-1  | GRANT
postgres-1  | GRANT
postgres-1  | COMMIT
postgres-1  | certification-init: applying 0007_migration_claim_sequence.sql
postgres-1  | BEGIN
postgres-1  | ALTER TABLE
postgres-1  | REVOKE
postgres-1  | GRANT
postgres-1  | COMMIT
postgres-1  | certification-init: applying 0008_migration_reconciliation_quarantine.sql
postgres-1  | ALTER TYPE
postgres-1  | BEGIN
postgres-1  | ALTER TABLE
postgres-1  | REVOKE
postgres-1  | GRANT
postgres-1  | COMMIT
postgres-1  | certification-init: applying 0009_migration_review_commands.sql
postgres-1  | BEGIN
postgres-1  | CREATE TYPE
postgres-1  | ALTER TABLE
postgres-1  | CREATE TABLE
postgres-1  | CREATE INDEX
postgres-1  | CREATE INDEX
postgres-1  | CREATE TRIGGER
postgres-1  | ALTER TABLE
postgres-1  | ALTER TABLE
postgres-1  | CREATE POLICY
postgres-1  | CREATE POLICY
postgres-1  | CREATE POLICY
postgres-1  | REVOKE
postgres-1  | GRANT
postgres-1  | GRANT
postgres-1  | GRANT
postgres-1  | GRANT
postgres-1  | REVOKE
postgres-1  | GRANT
postgres-1  | COMMIT
postgres-1  | certification-init: applying 0010_migration_incident_escalations.sql
postgres-1  | BEGIN
postgres-1  | CREATE TYPE
postgres-1  | CREATE TYPE
postgres-1  | CREATE TABLE
postgres-1  | CREATE INDEX
postgres-1  | CREATE INDEX
postgres-1  | CREATE TRIGGER
postgres-1  | CREATE FUNCTION
postgres-1  | CREATE TRIGGER
postgres-1  | ALTER TABLE
postgres-1  | ALTER TABLE
postgres-1  | CREATE POLICY
postgres-1  | CREATE POLICY
postgres-1  | CREATE POLICY
postgres-1  | REVOKE
postgres-1  | REVOKE
postgres-1  | GRANT
postgres-1  | GRANT
postgres-1  | GRANT
postgres-1  | GRANT
postgres-1  | GRANT
postgres-1  | COMMIT
postgres-1  | certification-init: applying 0011_migration_incident_outbox.sql
postgres-1  | BEGIN
postgres-1  | CREATE TABLE
postgres-1  | CREATE INDEX
postgres-1  | CREATE TRIGGER
postgres-1  | INSERT 0 0
postgres-1  | ALTER TABLE
postgres-1  | ALTER TABLE
postgres-1  | CREATE POLICY
postgres-1  | CREATE POLICY
postgres-1  | CREATE POLICY
postgres-1  | REVOKE
postgres-1  | GRANT
postgres-1  | GRANT
postgres-1  | GRANT
postgres-1  | COMMIT
postgres-1  | certification-init: applying 0012_migration_incident_dead_letters.sql
postgres-1  | ALTER TYPE
postgres-1  | BEGIN
postgres-1  | ALTER TABLE
postgres-1  | CREATE INDEX
postgres-1  | CREATE TYPE
postgres-1  | CREATE TABLE
postgres-1  | CREATE INDEX
postgres-1  | CREATE INDEX
postgres-1  | CREATE TRIGGER
postgres-1  | CREATE FUNCTION
postgres-1  | CREATE TRIGGER
postgres-1  | ALTER TABLE
postgres-1  | ALTER TABLE
postgres-1  | CREATE POLICY
postgres-1  | CREATE POLICY
postgres-1  | CREATE POLICY
postgres-1  | REVOKE
postgres-1  | REVOKE
postgres-1  | GRANT
postgres-1  | GRANT
postgres-1  | GRANT
postgres-1  | GRANT
postgres-1  | GRANT
postgres-1  | COMMIT
postgres-1  | certification-init: applying 0013_migration_incident_delivery_health.sql
postgres-1  | BEGIN
postgres-1  | CREATE FUNCTION
postgres-1  | REVOKE
postgres-1  | GRANT
postgres-1  | COMMIT
postgres-1  | certification-init: applying 0014_migration_incident_delivery_visibility.sql
postgres-1  | BEGIN
postgres-1  | REVOKE
postgres-1  | DROP FUNCTION
postgres-1  | CREATE FUNCTION
postgres-1  | CREATE FUNCTION
postgres-1  | REVOKE
postgres-1  | REVOKE
postgres-1  | GRANT
postgres-1  | GRANT
postgres-1  | COMMIT
postgres-1  | certification-init: applying 0015_migration_incident_delivery_failure_classification.sql
postgres-1  | BEGIN
postgres-1  | ALTER TABLE
postgres-1  | REVOKE
postgres-1  | DROP FUNCTION
postgres-1  | CREATE FUNCTION
postgres-1  | REVOKE
postgres-1  | GRANT
postgres-1  | COMMIT
postgres-1  | certification-init: applying 0016_migration_incident_delivery_recovery_binding.sql
postgres-1  | BEGIN
postgres-1  | ALTER TABLE
postgres-1  | LOCK TABLE
postgres-1  | UPDATE 0
postgres-1  | UPDATE 0
postgres-1  | ALTER TABLE
postgres-1  | CREATE FUNCTION
postgres-1  | REVOKE
postgres-1  | GRANT
postgres-1  | COMMIT
postgres-1  | certification-init: applying 0017_migration_incident_verified_resolution.sql
postgres-1  | ALTER TYPE
postgres-1  | BEGIN
postgres-1  | CREATE TYPE
postgres-1  | CREATE TYPE
postgres-1  | CREATE TYPE
postgres-1  | ALTER TABLE
postgres-1  | CREATE TABLE
postgres-1  | CREATE INDEX
postgres-1  | CREATE INDEX
postgres-1  | CREATE TRIGGER
postgres-1  | CREATE FUNCTION
postgres-1  | CREATE FUNCTION
postgres-1  | CREATE FUNCTION
postgres-1  | CREATE TRIGGER
postgres-1  | ALTER TABLE
postgres-1  | ALTER TABLE
postgres-1  | CREATE POLICY
postgres-1  | CREATE POLICY
postgres-1  | CREATE POLICY
postgres-1  | REVOKE
postgres-1  | REVOKE
postgres-1  | GRANT
postgres-1  | GRANT
postgres-1  | GRANT
postgres-1  | GRANT
postgres-1  | GRANT
postgres-1  | COMMIT
postgres-1  | certification-init: applying 0018_migration_incident_delivery_recovery_generation.sql
postgres-1  | BEGIN
postgres-1  | ALTER TABLE
postgres-1  | LOCK TABLE
postgres-1  | UPDATE 0
postgres-1  | UPDATE 0
postgres-1  | ALTER TABLE
postgres-1  | ALTER TABLE
postgres-1  | CREATE FUNCTION
postgres-1  | REVOKE
postgres-1  | GRANT
postgres-1  | COMMIT
postgres-1  | certification-init: applying 0019_migration_apply_delivery_resilience.sql
postgres-1  | BEGIN
postgres-1  | ALTER TABLE
postgres-1  | CREATE INDEX
postgres-1  | CREATE TYPE
postgres-1  | CREATE TABLE
postgres-1  | CREATE INDEX
postgres-1  | CREATE INDEX
postgres-1  | CREATE TRIGGER
postgres-1  | CREATE FUNCTION
postgres-1  | CREATE TRIGGER
postgres-1  | ALTER TABLE
postgres-1  | ALTER TABLE
postgres-1  | CREATE POLICY
postgres-1  | CREATE POLICY
postgres-1  | CREATE POLICY
postgres-1  | CREATE FUNCTION
postgres-1  | CREATE FUNCTION
postgres-1  | REVOKE
postgres-1  | REVOKE
postgres-1  | REVOKE
postgres-1  | REVOKE
postgres-1  | REVOKE
postgres-1  | GRANT
postgres-1  | GRANT
postgres-1  | GRANT
postgres-1  | GRANT
postgres-1  | GRANT
postgres-1  | GRANT
postgres-1  | GRANT
postgres-1  | COMMIT
postgres-1  | certification-init: applying 0020_project_database_provisioning.sql
postgres-1  | BEGIN
postgres-1  | DO
postgres-1  | CREATE TYPE
postgres-1  | CREATE TABLE
postgres-1  | CREATE TABLE
postgres-1  | ALTER TABLE
postgres-1  | CREATE INDEX
postgres-1  | CREATE TRIGGER
postgres-1  | ALTER TABLE
postgres-1  | ALTER TABLE
postgres-1  | ALTER TABLE
postgres-1  | ALTER TABLE
postgres-1  | CREATE POLICY
postgres-1  | CREATE POLICY
postgres-1  | CREATE FUNCTION
postgres-1  | CREATE FUNCTION
postgres-1  | REVOKE
postgres-1  | REVOKE
postgres-1  | REVOKE
postgres-1  | REVOKE
postgres-1  | REVOKE
postgres-1  | GRANT
postgres-1  | GRANT
postgres-1  | GRANT
postgres-1  | GRANT
postgres-1  | GRANT
postgres-1  | GRANT
postgres-1  | GRANT
postgres-1  | GRANT
postgres-1  | GRANT
postgres-1  | GRANT
postgres-1  | GRANT
postgres-1  | GRANT
postgres-1  | GRANT
postgres-1  | GRANT
postgres-1  | GRANT
postgres-1  | COMMIT
postgres-1  | certification-init: applying 0021_project_database_provisioning_health.sql
postgres-1  | BEGIN
postgres-1  | CREATE TABLE
postgres-1  | CREATE INDEX
postgres-1  | ALTER TABLE
postgres-1  | ALTER TABLE
postgres-1  | CREATE POLICY
postgres-1  | CREATE FUNCTION
postgres-1  | REVOKE
postgres-1  | REVOKE
postgres-1  | GRANT
postgres-1  | GRANT
postgres-1  | GRANT
postgres-1  | COMMIT
postgres-1  | certification-init: applying 0022_project_automation_policies.sql
postgres-1  | BEGIN
postgres-1  | CREATE TABLE
postgres-1  | ALTER TABLE
postgres-1  | UPDATE 0
postgres-1  | ALTER TABLE
postgres-1  | ALTER TABLE
postgres-1  | ALTER TABLE
postgres-1  | CREATE POLICY
postgres-1  | CREATE POLICY
postgres-1  | CREATE POLICY
postgres-1  | REVOKE
postgres-1  | GRANT
postgres-1  | GRANT
postgres-1  | COMMIT
postgres-1  | certification-init: applying 0023_project_api_keys.sql
postgres-1  | BEGIN
postgres-1  | CREATE TABLE
postgres-1  | CREATE INDEX
postgres-1  | CREATE INDEX
postgres-1  | CREATE FUNCTION
postgres-1  | CREATE TRIGGER
postgres-1  | ALTER TABLE
postgres-1  | CREATE POLICY
postgres-1  | CREATE POLICY
postgres-1  | CREATE POLICY
postgres-1  | CREATE FUNCTION
postgres-1  | REVOKE
postgres-1  | REVOKE
postgres-1  | REVOKE
postgres-1  | GRANT
postgres-1  | GRANT
postgres-1  | GRANT
postgres-1  | GRANT
postgres-1  | COMMIT
postgres-1  | certification-init: applying 0024_project_auth.sql
postgres-1  | BEGIN
postgres-1  | CREATE TABLE
postgres-1  | CREATE INDEX
postgres-1  | CREATE TABLE
postgres-1  | CREATE INDEX
postgres-1  | CREATE INDEX
postgres-1  | CREATE TABLE
postgres-1  | CREATE INDEX
postgres-1  | CREATE TABLE
postgres-1  | CREATE TABLE
postgres-1  | CREATE FUNCTION
postgres-1  | CREATE TRIGGER
postgres-1  | CREATE TRIGGER
postgres-1  | CREATE TRIGGER
postgres-1  | CREATE TRIGGER
postgres-1  | CREATE TRIGGER
postgres-1  | REVOKE
postgres-1  | REVOKE
postgres-1  | GRANT
postgres-1  | GRANT
postgres-1  | GRANT
postgres-1  | GRANT
postgres-1  | GRANT
postgres-1  | GRANT
postgres-1  | GRANT
postgres-1  | GRANT
postgres-1  | GRANT
postgres-1  | COMMIT
postgres-1  | certification-init: applying 0025_project_storage.sql
postgres-1  | BEGIN
postgres-1  | CREATE TABLE
postgres-1  | CREATE INDEX
postgres-1  | CREATE TABLE
postgres-1  | CREATE INDEX
postgres-1  | CREATE INDEX
postgres-1  | CREATE INDEX
postgres-1  | CREATE TABLE
postgres-1  | CREATE INDEX
postgres-1  | CREATE INDEX
postgres-1  | CREATE FUNCTION
postgres-1  | CREATE FUNCTION
postgres-1  | CREATE FUNCTION
postgres-1  | CREATE TRIGGER
postgres-1  | CREATE TRIGGER
postgres-1  | CREATE TRIGGER
postgres-1  | ALTER TABLE
postgres-1  | ALTER TABLE
postgres-1  | ALTER TABLE
postgres-1  | CREATE POLICY
postgres-1  | CREATE POLICY
postgres-1  | CREATE POLICY
postgres-1  | CREATE POLICY
postgres-1  | CREATE POLICY
postgres-1  | CREATE POLICY
postgres-1  | CREATE POLICY
postgres-1  | CREATE POLICY
postgres-1  | CREATE POLICY
postgres-1  | CREATE POLICY
postgres-1  | REVOKE
postgres-1  | REVOKE
postgres-1  | REVOKE
postgres-1  | REVOKE
postgres-1  | GRANT
postgres-1  | GRANT
postgres-1  | GRANT
postgres-1  | GRANT
postgres-1  | GRANT
postgres-1  | GRANT
postgres-1  | GRANT
postgres-1  | GRANT
postgres-1  | GRANT
postgres-1  | COMMIT
postgres-1  | certification-init: applying 0026_project_queues.sql
postgres-1  | BEGIN
postgres-1  | CREATE TABLE
postgres-1  | CREATE INDEX
postgres-1  | CREATE TABLE
postgres-1  | CREATE INDEX
postgres-1  | CREATE INDEX
postgres-1  | CREATE INDEX
postgres-1  | CREATE INDEX
postgres-1  | CREATE INDEX
postgres-1  | CREATE FUNCTION
postgres-1  | CREATE FUNCTION
postgres-1  | CREATE FUNCTION
postgres-1  | CREATE TRIGGER
postgres-1  | CREATE TRIGGER
postgres-1  | CREATE TRIGGER
postgres-1  | ALTER TABLE
postgres-1  | ALTER TABLE
postgres-1  | CREATE POLICY
postgres-1  | CREATE POLICY
postgres-1  | CREATE POLICY
postgres-1  | CREATE POLICY
postgres-1  | CREATE POLICY
postgres-1  | CREATE POLICY
postgres-1  | REVOKE
postgres-1  | REVOKE
postgres-1  | REVOKE
postgres-1  | REVOKE
postgres-1  | GRANT
postgres-1  | GRANT
postgres-1  | GRANT
postgres-1  | GRANT
postgres-1  | GRANT
postgres-1  | GRANT
postgres-1  | COMMIT
postgres-1  | certification-init: applying 0027_project_queue_dead_letter_replay.sql
postgres-1  | BEGIN
postgres-1  | ALTER TABLE
postgres-1  | CREATE INDEX
postgres-1  | CREATE INDEX
postgres-1  | CREATE FUNCTION
postgres-1  | CREATE TRIGGER
postgres-1  | REVOKE
postgres-1  | GRANT
postgres-1  | COMMIT
postgres-1  | certification-init: applying 0028_usage_metering.sql
postgres-1  | BEGIN
postgres-1  | CREATE TABLE
postgres-1  | CREATE TABLE
postgres-1  | CREATE TABLE
postgres-1  | CREATE INDEX
postgres-1  | CREATE INDEX
postgres-1  | CREATE FUNCTION
postgres-1  | CREATE FUNCTION
postgres-1  | CREATE FUNCTION
postgres-1  | CREATE TRIGGER
postgres-1  | CREATE TRIGGER
postgres-1  | CREATE TRIGGER
postgres-1  | ALTER TABLE
postgres-1  | ALTER TABLE
postgres-1  | ALTER TABLE
postgres-1  | CREATE POLICY
postgres-1  | CREATE POLICY
postgres-1  | CREATE POLICY
postgres-1  | CREATE POLICY
postgres-1  | CREATE POLICY
postgres-1  | CREATE POLICY
postgres-1  | CREATE POLICY
postgres-1  | CREATE POLICY
postgres-1  | REVOKE
postgres-1  | REVOKE
postgres-1  | REVOKE
postgres-1  | REVOKE
postgres-1  | GRANT
postgres-1  | GRANT
postgres-1  | GRANT
postgres-1  | GRANT
postgres-1  | GRANT
postgres-1  | GRANT
postgres-1  | GRANT
postgres-1  | GRANT
postgres-1  | COMMIT
postgres-1  | certification-init: applied 28 migrations
postgres-1  | CREATE ROLE
postgres-1  | CREATE ROLE
postgres-1  | CREATE ROLE
postgres-1  | CREATE ROLE
postgres-1  | CREATE ROLE
postgres-1  | GRANT ROLE
postgres-1  | GRANT ROLE
postgres-1  | GRANT ROLE
postgres-1  | GRANT ROLE
postgres-1  | 2026-08-04 18:08:26.360 UTC [192] WARNING:  role "qkern_app" has not been granted membership in role "qkern_auth" by role "qkern"
postgres-1  | WARNING:  role "qkern_app" has not been granted membership in role "qkern_auth" by role "qkern"
postgres-1  | REVOKE ROLE
postgres-1  | 2026-08-04 18:08:26.361 UTC [192] WARNING:  role "qkern_app" has not been granted membership in role "qkern_worker" by role "qkern"
postgres-1  | REVOKE ROLE
postgres-1  | 2026-08-04 18:08:26.362 UTC [192] WARNING:  role "qkern_app" has not been granted membership in role "qkern_provisioner" by role "qkern"
postgres-1  | WARNING:  role "qkern_app" has not been granted membership in role "qkern_worker" by role "qkern"
postgres-1  | WARNING:  role "qkern_app" has not been granted membership in role "qkern_provisioner" by role "qkern"
postgres-1  | REVOKE ROLE
postgres-1  | 2026-08-04 18:08:26.363 UTC [192] WARNING:  role "qkern_auth_app" has not been granted membership in role "qkern_runtime" by role "qkern"
postgres-1  | WARNING:  role "qkern_auth_app" has not been granted membership in role "qkern_runtime" by role "qkern"
postgres-1  | REVOKE ROLE
postgres-1  | 2026-08-04 18:08:26.364 UTC [192] WARNING:  role "qkern_auth_app" has not been granted membership in role "qkern_worker" by role "qkern"
postgres-1  | WARNING:  role "qkern_auth_app" has not been granted membership in role "qkern_worker" by role "qkern"
postgres-1  | REVOKE ROLE
postgres-1  | 2026-08-04 18:08:26.366 UTC [192] WARNING:  role "qkern_auth_app" has not been granted membership in role "qkern_provisioner" by role "qkern"
postgres-1  | REVOKE ROLE
postgres-1  | 2026-08-04 18:08:26.366 UTC [192] WARNING:  role "qkern_worker_app" has not been granted membership in role "qkern_runtime" by role "qkern"
postgres-1  | 2026-08-04 18:08:26.366 UTC [192] WARNING:  role "qkern_worker_app" has not been granted membership in role "qkern_auth" by role "qkern"
postgres-1  | 2026-08-04 18:08:26.366 UTC [192] WARNING:  role "qkern_worker_app" has not been granted membership in role "qkern_provisioner" by role "qkern"
postgres-1  | WARNING:  role "qkern_auth_app" has not been granted membership in role "qkern_provisioner" by role "qkern"
postgres-1  | REVOKE ROLE
postgres-1  | WARNING:  role "qkern_worker_app" has not been granted membership in role "qkern_runtime" by role "qkern"
postgres-1  | WARNING:  role "qkern_worker_app" has not been granted membership in role "qkern_auth" by role "qkern"
postgres-1  | WARNING:  role "qkern_worker_app" has not been granted membership in role "qkern_provisioner" by role "qkern"
postgres-1  | WARNING:  role "qkern_provisioner_app" has not been granted membership in role "qkern_runtime" by role "qkern"
postgres-1  | WARNING:  role "qkern_provisioner_app" has not been granted membership in role "qkern_auth" by role "qkern"
postgres-1  | WARNING:  role "qkern_provisioner_app" has not been granted membership in role "qkern_worker" by role "qkern"
postgres-1  | WARNING:  role "qkern_project_api_app" has not been granted membership in role "qkern_runtime" by role "qkern"
postgres-1  | WARNING:  role "qkern_project_api_app" has not been granted membership in role "qkern_auth" by role "qkern"
postgres-1  | 2026-08-04 18:08:26.367 UTC [192] WARNING:  role "qkern_provisioner_app" has not been granted membership in role "qkern_runtime" by role "qkern"
postgres-1  | 2026-08-04 18:08:26.367 UTC [192] WARNING:  role "qkern_provisioner_app" has not been granted membership in role "qkern_auth" by role "qkern"
postgres-1  | 2026-08-04 18:08:26.367 UTC [192] WARNING:  role "qkern_provisioner_app" has not been granted membership in role "qkern_worker" by role "qkern"
postgres-1  | REVOKE ROLE
postgres-1  | 2026-08-04 18:08:26.367 UTC [192] WARNING:  role "qkern_project_api_app" has not been granted membership in role "qkern_runtime" by role "qkern"
postgres-1  | 2026-08-04 18:08:26.367 UTC [192] WARNING:  role "qkern_project_api_app" has not been granted membership in role "qkern_auth" by role "qkern"
postgres-1  | 2026-08-04 18:08:26.368 UTC [192] WARNING:  role "qkern_project_api_app" has not been granted membership in role "qkern_worker" by role "qkern"
postgres-1  | 2026-08-04 18:08:26.368 UTC [192] WARNING:  role "qkern_project_api_app" has not been granted membership in role "qkern_provisioner" by role "qkern"
postgres-1  | REVOKE ROLE
postgres-1  | WARNING:  role "qkern_project_api_app" has not been granted membership in role "qkern_worker" by role "qkern"
postgres-1  | WARNING:  role "qkern_project_api_app" has not been granted membership in role "qkern_provisioner" by role "qkern"
postgres-1  | ALTER ROLE
postgres-1  | ALTER ROLE
postgres-1  | ALTER ROLE
postgres-1  | ALTER ROLE
postgres-1  | ALTER ROLE
postgres-1  | ALTER ROLE
postgres-1  | ALTER ROLE
postgres-1  | ALTER ROLE
postgres-1  | ALTER ROLE
postgres-1  | ALTER ROLE
postgres-1  | ALTER ROLE
postgres-1  | ALTER ROLE
postgres-1  | ALTER ROLE
postgres-1  | ALTER ROLE
postgres-1  | ALTER ROLE
postgres-1  | 
postgres-1  | waiting for server to shut down...2026-08-04 18:08:26.399 UTC [58] LOG:  received fast shutdown request
postgres-1  | 2026-08-04 18:08:26.399 UTC [58] LOG:  aborting any active transactions
postgres-1  | .2026-08-04 18:08:26.403 UTC [58] LOG:  background worker "logical replication launcher" (PID 64) exited with exit code 1
postgres-1  | 2026-08-04 18:08:26.414 UTC [59] LOG:  shutting down
postgres-1  | 2026-08-04 18:08:26.414 UTC [59] LOG:  checkpoint starting: shutdown immediate
postgres-1  | 2026-08-04 18:08:26.427 UTC [59] LOG:  checkpoint complete: wrote 1133 buffers (6.9%); 0 WAL file(s) added, 0 removed, 0 recycled; write=0.011 s, sync=0.002 s, total=0.013 s; sync files=564, longest=0.001 s, average=0.001 s; distance=6805 kB, estimate=6805 kB; lsn=0/1B97478, redo lsn=0/1B97478
postgres-1  | 2026-08-04 18:08:26.446 UTC [58] LOG:  database system is shut down
postgres-1  |  done
postgres-1  | server stopped
postgres-1  | 
postgres-1  | PostgreSQL init process complete; ready for start up.
postgres-1  | 
postgres-1  | 2026-08-04 18:08:26.565 UTC [1] LOG:  starting PostgreSQL 17.10 on x86_64-pc-linux-musl, compiled by gcc (Alpine 15.2.0) 15.2.0, 64-bit
postgres-1  | 2026-08-04 18:08:26.565 UTC [1] LOG:  listening on IPv4 address "0.0.0.0", port 5432
postgres-1  | 2026-08-04 18:08:26.565 UTC [1] LOG:  listening on IPv6 address "::", port 5432
postgres-1  | 2026-08-04 18:08:26.598 UTC [1] LOG:  listening on Unix socket "/var/run/postgresql/.s.PGSQL.5432"
postgres-1  | 2026-08-04 18:08:26.610 UTC [205] LOG:  database system was shut down at 2026-08-04 18:08:26 UTC
postgres-1  | 2026-08-04 18:08:26.616 UTC [1] LOG:  database system is ready to accept connections
 Container qkern-v023-certification-postgres-1 Healthy 
 Container qkern-v023-certification-certification-1 Starting 
 Container qkern-v023-certification-certification-1 Started 
certification-1  | 
certification-1  | added 203 packages, and audited 204 packages in 43s
certification-1  | 
certification-1  | 57 packages are looking for funding
certification-1  |   run `npm fund` for details
certification-1  | 
certification-1  | found 0 vulnerabilities
certification-1  | npm notice
certification-1  | npm notice New major version of npm available! 11.17.0 -> 12.0.2
certification-1  | npm notice Changelog: https://github.com/npm/cli/releases/tag/v12.0.2
certification-1  | npm notice To update run: npm install -g npm@12.0.2
certification-1  | npm notice
certification-1  | 
certification-1  | > qkern-platform@1.8.0-alpha.1 test:postgres
certification-1  | > vitest run tests/postgres.integration.test.ts tests/postgres-incident-recovery.integration.test.ts tests/generated-data-postgres.integration.test.ts tests/project-auth-postgres.integration.test.ts tests/project-storage-postgres.integration.test.ts tests/project-queues-postgres.integration.test.ts tests/usage-metering-postgres.integration.test.ts
certification-1  | 
certification-1  | 
certification-1  | [1m[30m[46m RUN [49m[39m[22m [36mv4.1.10 [39m[90m/workspace/qkern[39m
certification-1  | 
postgres-1       | 2026-08-04 18:09:21.843 UTC [440] ERROR:  permission denied for table users
postgres-1       | 2026-08-04 18:09:21.843 UTC [440] STATEMENT:  SELECT id FROM users LIMIT 1
postgres-1       | 2026-08-04 18:09:21.935 UTC [442] ERROR:  permission denied for table projects
postgres-1       | 2026-08-04 18:09:21.935 UTC [442] STATEMENT:  SELECT id FROM projects LIMIT 1
postgres-1       | 2026-08-04 18:09:22.022 UTC [438] ERROR:  update or delete on table "users" violates foreign key constraint "organizations_created_by_fkey" on table "organizations"
postgres-1       | 2026-08-04 18:09:22.022 UTC [438] DETAIL:  Key (id)=(f0f73483-edf0-40f1-8e85-a0454c1d55dc) is still referenced from table "organizations".
postgres-1       | 2026-08-04 18:09:22.022 UTC [438] STATEMENT:  DELETE FROM users WHERE id IN ($1, $2)
certification-1  |  [31m❯[39m tests/postgres.integration.test.ts [2m([22m[2m3 tests[22m[2m)[22m[33m 639[2mms[22m[39m
certification-1  |      [32m✓[39m keeps global auth and tenant runtime privileges separated[32m 159[2mms[22m[39m
certification-1  |      [32m✓[39m enforces tenant isolation through a non-superuser runtime connection[32m 48[2mms[22m[39m
certification-1  |      [32m✓[39m discovers memberships only through the auth boundary[32m 29[2mms[22m[39m
certification-1  |  [31m❯[39m tests/generated-data-postgres.integration.test.ts [2m([22m[2m2 tests[22m[2m | [22m[31m2 failed[39m[2m)[22m[33m 578[2mms[22m[39m
certification-1  | [31m     [31m×[31m enforces RLS across insert, list, update and delete[39m[32m 130[2mms[22m[39m
certification-1  | [31m     [31m×[31m rejects identifier and column injection before PostgreSQL execution[39m[32m 81[2mms[22m[39m
postgres-1       | 2026-08-04 18:09:22.344 UTC [450] ERROR:  permission denied for table project_queues
postgres-1       | 2026-08-04 18:09:22.344 UTC [450] STATEMENT:  SELECT id,organization_id,project_id,environment,name,enqueue_policy,max_attempts,
postgres-1       | 	  visibility_timeout_seconds,retry_base_seconds,retry_max_seconds,dedupe_window_seconds,
postgres-1       | 	  retention_seconds,max_pending_messages,created_at,updated_at FROM project_queues
postgres-1       | 	      WHERE organization_id=$1 AND project_id=$2 AND environment=$3 AND id=$4
postgres-1       | 	      FOR UPDATE
postgres-1       | 2026-08-04 18:09:22.424 UTC [450] ERROR:  permission denied for table project_queues
postgres-1       | 2026-08-04 18:09:22.424 UTC [450] STATEMENT:  SELECT id,organization_id,project_id,environment,name,enqueue_policy,max_attempts,
postgres-1       | 	  visibility_timeout_seconds,retry_base_seconds,retry_max_seconds,dedupe_window_seconds,
postgres-1       | 	  retention_seconds,max_pending_messages,created_at,updated_at FROM project_queues
postgres-1       | 	      WHERE organization_id=$1 AND project_id=$2 AND environment=$3 AND id=$4
postgres-1       | 	      FOR UPDATE
postgres-1       | 2026-08-04 18:09:22.440 UTC [455] ERROR:  permission denied for table project_auth_users
postgres-1       | 2026-08-04 18:09:22.440 UTC [455] STATEMENT:  SELECT id FROM project_auth_users LIMIT 1
postgres-1       | 2026-08-04 18:09:22.490 UTC [456] ERROR:  permission denied for table project_queues
postgres-1       | 2026-08-04 18:09:22.490 UTC [456] STATEMENT:  SELECT id,organization_id,project_id,environment,name,enqueue_policy,max_attempts,
postgres-1       | 	  visibility_timeout_seconds,retry_base_seconds,retry_max_seconds,dedupe_window_seconds,
postgres-1       | 	  retention_seconds,max_pending_messages,created_at,updated_at FROM project_queues
postgres-1       | 	      WHERE organization_id=$1 AND project_id=$2 AND environment=$3 AND id=$4
postgres-1       | 	      FOR UPDATE
postgres-1       | 2026-08-04 18:09:22.498 UTC [450] ERROR:  permission denied for table project_queues
postgres-1       | 2026-08-04 18:09:22.498 UTC [450] STATEMENT:  SELECT id,organization_id,project_id,environment,name,enqueue_policy,max_attempts,
postgres-1       | 	  visibility_timeout_seconds,retry_base_seconds,retry_max_seconds,dedupe_window_seconds,
postgres-1       | 	  retention_seconds,max_pending_messages,created_at,updated_at FROM project_queues
postgres-1       | 	      WHERE organization_id=$1 AND project_id=$2 AND environment=$3 AND id=$4
postgres-1       | 	      FOR UPDATE
postgres-1       | 2026-08-04 18:09:22.514 UTC [458] ERROR:  permission denied for table project_queues
postgres-1       | 2026-08-04 18:09:22.514 UTC [458] STATEMENT:  SELECT id,organization_id,project_id,environment,name,enqueue_policy,max_attempts,
postgres-1       | 	  visibility_timeout_seconds,retry_base_seconds,retry_max_seconds,dedupe_window_seconds,
postgres-1       | 	  retention_seconds,max_pending_messages,created_at,updated_at FROM project_queues
postgres-1       | 	      WHERE organization_id=$1 AND project_id=$2 AND environment=$3 AND id=$4
postgres-1       | 	      FOR UPDATE
postgres-1       | 2026-08-04 18:09:22.516 UTC [446] ERROR:  update or delete on table "users" violates foreign key constraint "organizations_created_by_fkey" on table "organizations"
postgres-1       | 2026-08-04 18:09:22.516 UTC [446] DETAIL:  Key (id)=(3a4c4470-407e-442e-9eb6-348f6afb3eed) is still referenced from table "organizations".
postgres-1       | 2026-08-04 18:09:22.516 UTC [446] STATEMENT:  DELETE FROM users WHERE id=$1
postgres-1       | 2026-08-04 18:09:22.520 UTC [457] ERROR:  permission denied for table project_queues
postgres-1       | 2026-08-04 18:09:22.520 UTC [457] STATEMENT:  SELECT id,organization_id,project_id,environment,name,enqueue_policy,max_attempts,
postgres-1       | 	  visibility_timeout_seconds,retry_base_seconds,retry_max_seconds,dedupe_window_seconds,
postgres-1       | 	  retention_seconds,max_pending_messages,created_at,updated_at FROM project_queues
postgres-1       | 	      WHERE organization_id=$1 AND project_id=$2 AND environment=$3 AND id=$4
postgres-1       | 	      FOR UPDATE
postgres-1       | 2026-08-04 18:09:22.531 UTC [450] ERROR:  permission denied for table project_queues
postgres-1       | 2026-08-04 18:09:22.531 UTC [450] STATEMENT:  SELECT id,organization_id,project_id,environment,name,enqueue_policy,max_attempts,
postgres-1       | 	  visibility_timeout_seconds,retry_base_seconds,retry_max_seconds,dedupe_window_seconds,
postgres-1       | 	  retention_seconds,max_pending_messages,created_at,updated_at FROM project_queues
postgres-1       | 	      WHERE organization_id=$1 AND project_id=$2 AND environment=$3 AND id=$4
postgres-1       | 	      FOR UPDATE
postgres-1       | 2026-08-04 18:09:22.552 UTC [443] ERROR:  update or delete on table "users" violates foreign key constraint "organizations_created_by_fkey" on table "organizations"
postgres-1       | 2026-08-04 18:09:22.552 UTC [443] DETAIL:  Key (id)=(a2b5973e-df9b-4622-8d6d-4dbe3d16a1d6) is still referenced from table "organizations".
postgres-1       | 2026-08-04 18:09:22.552 UTC [443] STATEMENT:  DELETE FROM users WHERE id = $1
postgres-1       | 2026-08-04 18:09:22.554 UTC [448] ERROR:  update or delete on table "users" violates foreign key constraint "organizations_created_by_fkey" on table "organizations"
postgres-1       | 2026-08-04 18:09:22.554 UTC [448] DETAIL:  Key (id)=(d2ed4a34-b406-4653-bf05-f25848f1d30c) is still referenced from table "organizations".
postgres-1       | 2026-08-04 18:09:22.554 UTC [448] STATEMENT:  DELETE FROM users WHERE id = $1
certification-1  |  [31m❯[39m tests/usage-metering-postgres.integration.test.ts [2m([22m[2m4 tests[22m[2m)[22m[33m 634[2mms[22m[39m
certification-1  |      [32m✓[39m serializes concurrent hard-quota decisions and persists verifier-only events[32m 214[2mms[22m[39m
certification-1  |      [32m✓[39m returns the original denied decision after a repository restart[32m 62[2mms[22m[39m
certification-1  |      [32m✓[39m keeps the durable projection consistent with the accepted counter[32m 9[2mms[22m[39m
certification-1  |      [32m✓[39m lets tenant RLS project no policy or usage for another organization[32m 6[2mms[22m[39m
certification-1  |  [31m❯[39m tests/project-queues-postgres.integration.test.ts [2m([22m[2m5 tests[22m[2m | [22m[31m4 failed[39m[2m)[22m[33m 597[2mms[22m[39m
certification-1  | [31m     [31m×[31m persists only the dedupe verifier and returns the same durable receipt[39m[32m 169[2mms[22m[39m
certification-1  | [31m     [31m×[31m claims each ready row at most once across concurrent workers[39m[32m 56[2mms[22m[39m
certification-1  | [31m     [31m×[31m keeps lease verifiers durable and fences the wrong or stale worker[39m[32m 72[2mms[22m[39m
certification-1  | [31m     [31m×[31m persists one audited replay binding for concurrent dead-letter requests[39m[32m 34[2mms[22m[39m
certification-1  |      [32m✓[39m lets tenant RLS hide every queue from a different organization[32m 16[2mms[22m[39m
certification-1  |  [31m❯[39m tests/project-auth-postgres.integration.test.ts [2m([22m[2m2 tests[22m[2m)[22m[33m 759[2mms[22m[39m
certification-1  |      [32m✓[39m persists app users only through the auth role and keeps runtime access closed[32m 233[2mms[22m[39m
certification-1  |      [32m✓[39m rotates refresh rows atomically and revokes the whole family on replay[32m 103[2mms[22m[39m
postgres-1       | 2026-08-04 18:09:23.073 UTC [451] ERROR:  project storage object identity is immutable
postgres-1       | 2026-08-04 18:09:23.073 UTC [451] CONTEXT:  PL/pgSQL function qkern_reject_project_storage_object_mutation() line 12 at RAISE
postgres-1       | 2026-08-04 18:09:23.073 UTC [451] STATEMENT:  UPDATE project_storage_objects SET deleted_at=coalesce(deleted_at,$5)
postgres-1       | 	        WHERE organization_id=$1 AND project_id=$2 AND environment=$3 AND id=$4
postgres-1       | 	        RETURNING id,organization_id,project_id,environment,bucket_id,object_key,owner_subject,
postgres-1       | 	  provider_key,size_bytes,content_type,checksum_sha256,etag,status,created_at,delete_after,deleted_at
postgres-1       | 2026-08-04 18:09:23.093 UTC [447] ERROR:  update or delete on table "users" violates foreign key constraint "organizations_created_by_fkey" on table "organizations"
postgres-1       | 2026-08-04 18:09:23.093 UTC [447] DETAIL:  Key (id)=(4e883f05-2088-400f-b5ef-8324ebd0d527) is still referenced from table "organizations".
postgres-1       | 2026-08-04 18:09:23.093 UTC [447] STATEMENT:  DELETE FROM users WHERE id = $1
certification-1  |  [31m❯[39m tests/project-storage-postgres.integration.test.ts [2m([22m[2m6 tests[22m[2m | [22m[31m2 failed[39m[2m)[22m[33m 1143[2mms[22m[39m
certification-1  |      [32m✓[39m persists an exact verified upload and moves quota from reserved to used[32m 253[2mms[22m[39m
certification-1  | [31m     [31m×[31m serializes concurrent quota reservations without overbooking[39m[32m 152[2mms[22m[39m
certification-1  |      [32m✓[39m commits concurrent completion replays exactly once[32m 215[2mms[22m[39m
certification-1  | [31m     [31m×[31m cleans the provider object when expiry wins a slow completion[39m[32m 121[2mms[22m[39m
certification-1  |      [32m✓[39m releases used quota once when delete and lifecycle expiration race[32m 128[2mms[22m[39m
certification-1  |      [32m✓[39m keeps the runtime role inside RLS and rejects direct cross-tenant reads[32m 5[2mms[22m[39m
postgres-1       | 2026-08-04 18:09:23.257 UTC [449] ERROR:  new row for relation "migration_incident_delivery_commands" violates check constraint "migration_incident_delivery_commands_expected_failure_code"
postgres-1       | 2026-08-04 18:09:23.257 UTC [449] DETAIL:  Failing row contains (43db9311-3277-4536-b8e5-c7c10a47f327, 733dba30-b6a8-44d1-b681-3b758c998607, f9c4a5ec-bf45-4fd7-9342-4f171124b7ab, constraint-test, destination_recovered, pending, null, 2026-08-04 18:09:23.252919+00, 2026-08-04 18:09:23.252919+00, null, null).
postgres-1       | 2026-08-04 18:09:23.257 UTC [449] STATEMENT:  INSERT INTO migration_incident_delivery_commands
postgres-1       | 	           (organization_id, migration_incident_id, requested_by, reason_code,
postgres-1       | 	            expected_failure_code, expected_retry_cycle)
postgres-1       | 	         VALUES ($1, $2, 'constraint-test', 'destination_recovered', NULL, NULL)
postgres-1       | 2026-08-04 18:09:23.308 UTC [468] ERROR:  new row for relation "migration_incident_delivery_commands" violates check constraint "migration_incident_delivery_commands_expected_retry_cycle"
postgres-1       | 2026-08-04 18:09:23.308 UTC [468] DETAIL:  Failing row contains (a5e74050-9a9e-47f0-9cae-98fbf28487fd, 733dba30-b6a8-44d1-b681-3b758c998607, f9c4a5ec-bf45-4fd7-9342-4f171124b7ab, constraint-test, destination_recovered, pending, null, 2026-08-04 18:09:23.295692+00, 2026-08-04 18:09:23.295692+00, PUBLISH_FAILED, null).
postgres-1       | 2026-08-04 18:09:23.308 UTC [468] STATEMENT:  INSERT INTO migration_incident_delivery_commands
postgres-1       | 	           (organization_id, migration_incident_id, requested_by, reason_code,
postgres-1       | 	            expected_failure_code, expected_retry_cycle)
postgres-1       | 	         VALUES ($1, $2, 'constraint-test', 'destination_recovered', 'PUBLISH_FAILED', NULL)
postgres-1       | 2026-08-04 18:09:23.897 UTC [471] ERROR:  migration incident resolution requires worker-verified ledger evidence
postgres-1       | 2026-08-04 18:09:23.897 UTC [471] CONTEXT:  PL/pgSQL function qkern_validate_migration_incident_acknowledgement() line 49 at RAISE
postgres-1       | 2026-08-04 18:09:23.897 UTC [471] STATEMENT:  UPDATE migration_incidents
postgres-1       | 	       SET status = 'resolved',
postgres-1       | 	           resolution_code = 'target_ledger_match'::qkern_migration_incident_resolution_code
postgres-1       | 	       WHERE organization_id = $1 AND migration_job_id = $2
postgres-1       | 	         AND status IN ('open', 'acknowledged')
postgres-1       | 	       RETURNING 
postgres-1       | 	  id, organization_id, migration_job_id, project_id, environment, change_set_id,
postgres-1       | 	  kind, severity, status, detected_review_cycle, detected_reconciliation_attempt,
postgres-1       | 	  acknowledged_by, acknowledgement_code, acknowledged_at,
postgres-1       | 	  resolved_by, resolution_code, resolved_at, created_at, updated_at
postgres-1       | 2026-08-04 18:09:23.980 UTC [203] LOG:  checkpoint starting: immediate force wait
postgres-1       | 2026-08-04 18:09:23.987 UTC [203] LOG:  checkpoint complete: wrote 343 buffers (2.1%); 0 WAL file(s) added, 0 removed, 1 recycled; write=0.007 s, sync=0.001 s, total=0.008 s; sync files=133, longest=0.001 s, average=0.000 s; distance=6292 kB, estimate=6292 kB; lsn=0/21BC800, redo lsn=0/21BC7A8
certification-1  |  [32m✓[39m tests/postgres-incident-recovery.integration.test.ts [2m([22m[2m6 tests[22m[2m)[22m[33m 2344[2mms[22m[39m
certification-1  | 
certification-1  | [31m⎯⎯⎯⎯⎯⎯[39m[1m[41m Failed Suites 5 [49m[22m[31m⎯⎯⎯⎯⎯⎯⎯[39m
certification-1  | 
certification-1  | [41m[1m FAIL [22m[49m tests/postgres.integration.test.ts[2m > [22mPostgreSQL 17 role and RLS integration
certification-1  | [31m[1merror[22m: update or delete on table "users" violates foreign key constraint "organizations_created_by_fkey" on table "organizations"[39m
certification-1  | [90m [2m❯[22m node_modules/pg-pool/index.js:[2m45:11[22m[39m
certification-1  | [36m [2m❯[22m tests/postgres.integration.test.ts:[2m49:16[22m[39m
certification-1  |     [90m 47|[39m
certification-1  |     [90m 48|[39m   [34mafterAll[39m([35masync[39m () [33m=>[39m {
certification-1  |     [90m 49|[39m     if (owner) await owner.query("DELETE FROM users WHERE id IN ($1, $…
certification-1  |     [90m   |[39m                [31m^[39m
certification-1  |     [90m 50|[39m     [35mawait[39m [33mPromise[39m[33m.[39m[34mall[39m([owner[33m?.[39m[34mend[39m()[33m,[39m runtime[33m?.[39m[34mend[39m()[33m,[39m auth[33m?.[39m[34mend[39m()])[33m;[39m
certification-1  |     [90m 51|[39m   })[33m;[39m
certification-1  | 
certification-1  | [31m[2m⎯⎯⎯⎯⎯⎯⎯⎯⎯⎯⎯⎯⎯⎯⎯⎯⎯⎯⎯⎯⎯⎯⎯[1/13]⎯[22m[39m
certification-1  | 
certification-1  | [41m[1m FAIL [22m[49m tests/project-auth-postgres.integration.test.ts[2m > [22mProject Auth PostgreSQL certification
certification-1  | [31m[1merror[22m: update or delete on table "users" violates foreign key constraint "organizations_created_by_fkey" on table "organizations"[39m
certification-1  | [90m [2m❯[22m node_modules/pg-pool/index.js:[2m45:11[22m[39m
certification-1  | [36m [2m❯[22m tests/project-auth-postgres.integration.test.ts:[2m64:16[22m[39m
certification-1  |     [90m 62|[39m
certification-1  |     [90m 63|[39m   [34mafterAll[39m([35masync[39m () [33m=>[39m {
certification-1  |     [90m 64|[39m     if (owner) await owner.query("DELETE FROM users WHERE id = $1", [c…
certification-1  |     [90m   |[39m                [31m^[39m
certification-1  |     [90m 65|[39m     [35mawait[39m [33mPromise[39m[33m.[39m[34mall[39m([owner[33m?.[39m[34mend[39m()[33m,[39m auth[33m?.[39m[34mend[39m()[33m,[39m runtime[33m?.[39m[34mend[39m()])[33m;[39m
certification-1  |     [90m 66|[39m   })[33m;[39m
certification-1  | 
certification-1  | [31m[2m⎯⎯⎯⎯⎯⎯⎯⎯⎯⎯⎯⎯⎯⎯⎯⎯⎯⎯⎯⎯⎯⎯⎯[2/13]⎯[22m[39m
certification-1  | 
certification-1  | [41m[1m FAIL [22m[49m tests/project-queues-postgres.integration.test.ts[2m > [22mProject Queues PostgreSQL certification
certification-1  | [31m[1merror[22m: update or delete on table "users" violates foreign key constraint "organizations_created_by_fkey" on table "organizations"[39m
certification-1  | [90m [2m❯[22m node_modules/pg-pool/index.js:[2m45:11[22m[39m
certification-1  | [36m [2m❯[22m tests/project-queues-postgres.integration.test.ts:[2m50:16[22m[39m
certification-1  |     [90m 48|[39m
certification-1  |     [90m 49|[39m   [34mafterAll[39m([35masync[39m () [33m=>[39m {
certification-1  |     [90m 50|[39m     if (owner) await owner.query("DELETE FROM users WHERE id = $1", [c…
certification-1  |     [90m   |[39m                [31m^[39m
certification-1  |     [90m 51|[39m     [35mawait[39m [33mPromise[39m[33m.[39m[34mall[39m([owner[33m?.[39m[34mend[39m()[33m,[39m runtime[33m?.[39m[34mend[39m()])[33m;[39m
certification-1  |     [90m 52|[39m   })[33m;[39m
certification-1  | 
certification-1  | [31m[2m⎯⎯⎯⎯⎯⎯⎯⎯⎯⎯⎯⎯⎯⎯⎯⎯⎯⎯⎯⎯⎯⎯⎯[3/13]⎯[22m[39m
certification-1  | 
certification-1  | [41m[1m FAIL [22m[49m tests/project-storage-postgres.integration.test.ts[2m > [22mProject Storage PostgreSQL certification
certification-1  | [31m[1merror[22m: update or delete on table "users" violates foreign key constraint "organizations_created_by_fkey" on table "organizations"[39m
certification-1  | [90m [2m❯[22m node_modules/pg-pool/index.js:[2m45:11[22m[39m
certification-1  | [36m [2m❯[22m tests/project-storage-postgres.integration.test.ts:[2m53:16[22m[39m
certification-1  |     [90m 51|[39m
certification-1  |     [90m 52|[39m   [34mafterAll[39m([35masync[39m () [33m=>[39m {
certification-1  |     [90m 53|[39m     if (owner) await owner.query("DELETE FROM users WHERE id = $1", [c…
certification-1  |     [90m   |[39m                [31m^[39m
certification-1  |     [90m 54|[39m     [35mawait[39m [33mPromise[39m[33m.[39m[34mall[39m([owner[33m?.[39m[34mend[39m()[33m,[39m runtime[33m?.[39m[34mend[39m()])[33m;[39m
certification-1  |     [90m 55|[39m   })[33m;[39m
certification-1  | 
certification-1  | [31m[2m⎯⎯⎯⎯⎯⎯⎯⎯⎯⎯⎯⎯⎯⎯⎯⎯⎯⎯⎯⎯⎯⎯⎯[4/13]⎯[22m[39m
certification-1  | 
certification-1  | [41m[1m FAIL [22m[49m tests/usage-metering-postgres.integration.test.ts[2m > [22mUsage Metering PostgreSQL certification
certification-1  | [31m[1merror[22m: update or delete on table "users" violates foreign key constraint "organizations_created_by_fkey" on table "organizations"[39m
certification-1  | [90m [2m❯[22m node_modules/pg-pool/index.js:[2m45:11[22m[39m
certification-1  | [36m [2m❯[22m tests/usage-metering-postgres.integration.test.ts:[2m52:16[22m[39m
certification-1  |     [90m 50|[39m
certification-1  |     [90m 51|[39m   [34mafterAll[39m([35masync[39m () [33m=>[39m {
certification-1  |     [90m 52|[39m     if (owner) await owner.query("DELETE FROM users WHERE id=$1", [con…
certification-1  |     [90m   |[39m                [31m^[39m
certification-1  |     [90m 53|[39m     [35mawait[39m [33mPromise[39m[33m.[39m[34mall[39m([owner[33m?.[39m[34mend[39m()[33m,[39m runtime[33m?.[39m[34mend[39m()])[33m;[39m
certification-1  |     [90m 54|[39m   })[33m;[39m
certification-1  | 
certification-1  | [31m[2m⎯⎯⎯⎯⎯⎯⎯⎯⎯⎯⎯⎯⎯⎯⎯⎯⎯⎯⎯⎯⎯⎯⎯[5/13]⎯[22m[39m
certification-1  | 
certification-1  | 
certification-1  | [31m⎯⎯⎯⎯⎯⎯⎯[39m[1m[41m Failed Tests 8 [49m[22m[31m⎯⎯⎯⎯⎯⎯⎯[39m
certification-1  | 
certification-1  | [41m[1m FAIL [22m[49m tests/generated-data-postgres.integration.test.ts[2m > [22mgenerated Data API PostgreSQL RLS certification[2m > [22menforces RLS across insert, list, update and delete
certification-1  | [31m[1mGeneratedDataApiError[22m: The generated project data API is unavailable.[39m
certification-1  | [36m [2m❯[22m GeneratedDataApiService.loadTables lib/server/data-plane/generated-api.ts:[2m472:15[22m[39m
certification-1  |     [90m470|[39m           !Number.isSafeInteger(row.ordinal_position) || row.ordinal_p…
certification-1  |     [90m471|[39m           (row.primary_key_position !== null && (!Number.isSafeInteger…
certification-1  |     [90m472|[39m         throw new GeneratedDataApiError("GENERATED_DATA_API_BOUNDARY_R…
certification-1  |     [90m   |[39m               [31m^[39m
certification-1  |     [90m473|[39m       }
certification-1  |     [90m474|[39m       [35mlet[39m mapped [33m=[39m tables[33m.[39m[35mget[39m(row[33m.[39mtable_name)[33m;[39m
certification-1  | [90m [2m❯[22m GeneratedDataApiService.loadTable lib/server/data-plane/generated-api.ts:[2m455:20[22m[39m
certification-1  | [90m [2m❯[22m lib/server/data-plane/generated-api.ts:[2m311:21[22m[39m
certification-1  | [90m [2m❯[22m GeneratedDataApiService.run lib/server/data-plane/generated-api.ts:[2m594:22[22m[39m
certification-1  | [90m [2m❯[22m tests/generated-data-postgres.integration.test.ts:[2m61:5[22m[39m
certification-1  | 
certification-1  | [31m[2m⎯⎯⎯⎯⎯⎯⎯⎯⎯⎯⎯⎯⎯⎯⎯⎯⎯⎯⎯⎯⎯⎯⎯[6/13]⎯[22m[39m
certification-1  | 
certification-1  | [41m[1m FAIL [22m[49m tests/generated-data-postgres.integration.test.ts[2m > [22mgenerated Data API PostgreSQL RLS certification[2m > [22mrejects identifier and column injection before PostgreSQL execution
certification-1  | [31m[1mAssertionError[22m: expected GeneratedDataApiError: The generated proj… { code: '…' } to match object { Object (code) }
certification-1  | (1 matching property omitted from actual)[39m
certification-1  | 
certification-1  | [32m- Expected[39m
certification-1  | [31m+ Received[39m
certification-1  | 
certification-1  | [32m- {[39m
certification-1  | [32m-   "code": "GENERATED_DATA_API_INVALID_INPUT",[39m
certification-1  | [31m+ GeneratedDataApiError {[39m
certification-1  | [31m+   "code": "GENERATED_DATA_API_BOUNDARY_REJECTED",[39m
certification-1  | [2m  }[22m
certification-1  | 
certification-1  | [36m [2m❯[22m tests/generated-data-postgres.integration.test.ts:[2m89:8[22m[39m
certification-1  |     [90m 87|[39m     [35mawait[39m [34mexpect[39m(service[33m.[39m[34mlistRows[39m([34mcontext[39m(ownerA)[33m,[39m scope[33m,[39m {
certification-1  |     [90m 88|[39m       schema, table: "items", filters: [{ column: "name) OR true --", …
certification-1  |     [90m 89|[39m     })).rejects.toMatchObject({ code: "GENERATED_DATA_API_INVALID_INPU…
certification-1  |     [90m   |[39m        [31m^[39m
certification-1  |     [90m 90|[39m   })[33m;[39m
certification-1  |     [90m 91|[39m })[33m;[39m
certification-1  | 
certification-1  | [31m[2m⎯⎯⎯⎯⎯⎯⎯⎯⎯⎯⎯⎯⎯⎯⎯⎯⎯⎯⎯⎯⎯⎯⎯[7/13]⎯[22m[39m
certification-1  | 
certification-1  | [41m[1m FAIL [22m[49m tests/project-queues-postgres.integration.test.ts[2m > [22mProject Queues PostgreSQL certification[2m > [22mpersists only the dedupe verifier and returns the same durable receipt
certification-1  | [31m[1mProjectQueueError[22m: QUEUE_CONFLICT[39m
certification-1  | [36m [2m❯[22m mapError lib/server/project-queues/service.ts:[2m363:10[22m[39m
certification-1  |     [90m361|[39m   [35mif[39m (error [35minstanceof[39m [33mProjectQueueError[39m) [35mreturn[39m error[33m;[39m
certification-1  |     [90m362|[39m   if (error instanceof ProjectQueueConflictError) return new ProjectQu…
certification-1  |     [90m363|[39m   [35mreturn[39m [35mnew[39m [33mProjectQueueError[39m([32m"QUEUE_CONFLICT"[39m)[33m;[39m
certification-1  |     [90m   |[39m          [31m^[39m
certification-1  |     [90m364|[39m }
certification-1  |     [90m365|[39m
certification-1  | [90m [2m❯[22m ProjectQueueService.enqueue lib/server/project-queues/service.ts:[2m141:29[22m[39m
certification-1  | [90m [2m❯[22m tests/project-queues-postgres.integration.test.ts:[2m56:19[22m[39m
certification-1  | 
certification-1  | [31m[2m⎯⎯⎯⎯⎯⎯⎯⎯⎯⎯⎯⎯⎯⎯⎯⎯⎯⎯⎯⎯⎯⎯⎯[8/13]⎯[22m[39m
certification-1  | 
certification-1  | [41m[1m FAIL [22m[49m tests/project-queues-postgres.integration.test.ts[2m > [22mProject Queues PostgreSQL certification[2m > [22mclaims each ready row at most once across concurrent workers
certification-1  | [31m[1mProjectQueueError[22m: QUEUE_CONFLICT[39m
certification-1  | [36m [2m❯[22m mapError lib/server/project-queues/service.ts:[2m363:10[22m[39m
certification-1  |     [90m361|[39m   [35mif[39m (error [35minstanceof[39m [33mProjectQueueError[39m) [35mreturn[39m error[33m;[39m
certification-1  |     [90m362|[39m   if (error instanceof ProjectQueueConflictError) return new ProjectQu…
certification-1  |     [90m363|[39m   [35mreturn[39m [35mnew[39m [33mProjectQueueError[39m([32m"QUEUE_CONFLICT"[39m)[33m;[39m
certification-1  |     [90m   |[39m          [31m^[39m
certification-1  |     [90m364|[39m }
certification-1  |     [90m365|[39m
certification-1  | [90m [2m❯[22m ProjectQueueService.enqueue lib/server/project-queues/service.ts:[2m141:29[22m[39m
certification-1  | [90m [2m❯[22m tests/project-queues-postgres.integration.test.ts:[2m72:5[22m[39m
certification-1  | 
certification-1  | [31m[2m⎯⎯⎯⎯⎯⎯⎯⎯⎯⎯⎯⎯⎯⎯⎯⎯⎯⎯⎯⎯⎯⎯⎯[9/13]⎯[22m[39m
certification-1  | 
certification-1  | [41m[1m FAIL [22m[49m tests/project-queues-postgres.integration.test.ts[2m > [22mProject Queues PostgreSQL certification[2m > [22mkeeps lease verifiers durable and fences the wrong or stale worker
certification-1  | [31m[1mProjectQueueError[22m: QUEUE_CONFLICT[39m
certification-1  | [36m [2m❯[22m mapError lib/server/project-queues/service.ts:[2m363:10[22m[39m
certification-1  |     [90m361|[39m   [35mif[39m (error [35minstanceof[39m [33mProjectQueueError[39m) [35mreturn[39m error[33m;[39m
certification-1  |     [90m362|[39m   if (error instanceof ProjectQueueConflictError) return new ProjectQu…
certification-1  |     [90m363|[39m   [35mreturn[39m [35mnew[39m [33mProjectQueueError[39m([32m"QUEUE_CONFLICT"[39m)[33m;[39m
certification-1  |     [90m   |[39m          [31m^[39m
certification-1  |     [90m364|[39m }
certification-1  |     [90m365|[39m
certification-1  | [90m [2m❯[22m ProjectQueueService.enqueue lib/server/project-queues/service.ts:[2m141:29[22m[39m
certification-1  | [90m [2m❯[22m tests/project-queues-postgres.integration.test.ts:[2m86:21[22m[39m
certification-1  | 
certification-1  | [31m[2m⎯⎯⎯⎯⎯⎯⎯⎯⎯⎯⎯⎯⎯⎯⎯⎯⎯⎯⎯⎯⎯⎯[10/13]⎯[22m[39m
certification-1  | 
certification-1  | [41m[1m FAIL [22m[49m tests/project-queues-postgres.integration.test.ts[2m > [22mProject Queues PostgreSQL certification[2m > [22mpersists one audited replay binding for concurrent dead-letter requests
certification-1  | [31m[1mProjectQueueError[22m: QUEUE_CONFLICT[39m
certification-1  | [36m [2m❯[22m mapError lib/server/project-queues/service.ts:[2m363:10[22m[39m
certification-1  |     [90m361|[39m   [35mif[39m (error [35minstanceof[39m [33mProjectQueueError[39m) [35mreturn[39m error[33m;[39m
certification-1  |     [90m362|[39m   if (error instanceof ProjectQueueConflictError) return new ProjectQu…
certification-1  |     [90m363|[39m   [35mreturn[39m [35mnew[39m [33mProjectQueueError[39m([32m"QUEUE_CONFLICT"[39m)[33m;[39m
certification-1  |     [90m   |[39m          [31m^[39m
certification-1  |     [90m364|[39m }
certification-1  |     [90m365|[39m
certification-1  | [90m [2m❯[22m ProjectQueueService.enqueue lib/server/project-queues/service.ts:[2m141:29[22m[39m
certification-1  | [90m [2m❯[22m tests/project-queues-postgres.integration.test.ts:[2m106:21[22m[39m
certification-1  | 
certification-1  | [31m[2m⎯⎯⎯⎯⎯⎯⎯⎯⎯⎯⎯⎯⎯⎯⎯⎯⎯⎯⎯⎯⎯⎯[11/13]⎯[22m[39m
certification-1  | 
certification-1  | [41m[1m FAIL [22m[49m tests/project-storage-postgres.integration.test.ts[2m > [22mProject Storage PostgreSQL certification[2m > [22mserializes concurrent quota reservations without overbooking
certification-1  | [31m[1mAssertionError[22m: expected [ { status: 'rejected', …(1) } ] to match object [ Array(1) ]
certification-1  | (3 matching properties omitted from actual)[39m
certification-1  | 
certification-1  | [32m- Expected[39m
certification-1  | [31m+ Received[39m
certification-1  | 
certification-1  | [2m  [[22m
certification-1  | [2m    {[22m
certification-1  | [32m-     "reason": {[39m
certification-1  | [32m-       "code": "STORAGE_QUOTA_EXCEEDED",[39m
certification-1  | [31m+     "reason": PersistenceError {[39m
certification-1  | [31m+       "code": "PERSISTENCE_ERROR",[39m
certification-1  | [2m      },[22m
certification-1  | [2m    },[22m
certification-1  | [2m  ][22m
certification-1  | 
certification-1  | [36m [2m❯[22m tests/project-storage-postgres.integration.test.ts:[2m97:73[22m[39m
certification-1  |     [90m 95|[39m     ])[33m;[39m
certification-1  |     [90m 96|[39m     expect(attempts.filter((attempt) => attempt.status === "fulfilled"…
certification-1  |     [90m 97|[39m     expect(attempts.filter((attempt) => attempt.status === "rejected")…
certification-1  |     [90m   |[39m                                                                         [31m^[39m
certification-1  |     [90m 98|[39m       { reason[33m:[39m { code[33m:[39m [32m"STORAGE_QUOTA_EXCEEDED"[39m } }[33m,[39m
certification-1  |     [90m 99|[39m     ])[33m;[39m
certification-1  | 
certification-1  | [31m[2m⎯⎯⎯⎯⎯⎯⎯⎯⎯⎯⎯⎯⎯⎯⎯⎯⎯⎯⎯⎯⎯⎯[12/13]⎯[22m[39m
certification-1  | 
certification-1  | [41m[1m FAIL [22m[49m tests/project-storage-postgres.integration.test.ts[2m > [22mProject Storage PostgreSQL certification[2m > [22mcleans the provider object when expiry wins a slow completion
certification-1  | [31m[1mAssertionError[22m: expected PersistenceError: The database operation … { …(2) } to match object { code: 'STORAGE_CONFLICT' }
certification-1  | (2 matching properties omitted from actual)[39m
certification-1  | 
certification-1  | [32m- Expected[39m
certification-1  | [31m+ Received[39m
certification-1  | 
certification-1  | [32m- {[39m
certification-1  | [32m-   "code": "STORAGE_CONFLICT",[39m
certification-1  | [31m+ PersistenceError {[39m
certification-1  | [31m+   "code": "PERSISTENCE_ERROR",[39m
certification-1  | [2m  }[22m
certification-1  | 
certification-1  | [36m [2m❯[22m tests/project-storage-postgres.integration.test.ts:[2m174:29[22m[39m
certification-1  |     [90m172|[39m     scanner[33m.[39m[34mrelease[39m()[33m;[39m
certification-1  |     [90m173|[39m
certification-1  |     [90m174|[39m     await expect(completion).rejects.toMatchObject({ code: "STORAGE_CO…
certification-1  |     [90m   |[39m                             [31m^[39m
certification-1  |     [90m175|[39m     await expect(provider.headObject(prepared.upload.fields.key)).reso…
certification-1  |     [90m176|[39m     [35mconst[39m state [33m=[39m [35mawait[39m owner[33m.[39mquery[33m<[39m{
certification-1  | 
certification-1  | [31m[2m⎯⎯⎯⎯⎯⎯⎯⎯⎯⎯⎯⎯⎯⎯⎯⎯⎯⎯⎯⎯⎯⎯[13/13]⎯[22m[39m
certification-1  | 
certification-1  | 
certification-1  | [2m Test Files [22m [1m[31m6 failed[39m[22m[2m | [22m[1m[32m1 passed[39m[22m[90m (7)[39m
certification-1  | [2m      Tests [22m [1m[31m8 failed[39m[22m[2m | [22m[1m[32m20 passed[39m[22m[90m (28)[39m
certification-1  | [2m   Start at [22m 18:09:20
certification-1  | [2m   Duration [22m 3.71s[2m (transform 5.64s, setup 0ms, import 7.71s, tests 6.69s, environment 3ms)[22m
certification-1  | 
[Kcertification-1 exited with code 1
 Compose Stopping Aborting on container exit...
 Container qkern-v023-certification-certification-1 Stopping 
 Container qkern-v023-certification-certification-1 Stopped 
 Container qkern-v023-certification-postgres-1 Stopping 
postgres-1       | 2026-08-04 18:09:24.971 UTC [1] LOG:  received fast shutdown request
postgres-1       | 2026-08-04 18:09:24.971 UTC [1] LOG:  aborting any active transactions
postgres-1       | 2026-08-04 18:09:24.987 UTC [1] LOG:  background worker "logical replication launcher" (PID 208) exited with exit code 1
postgres-1       | 2026-08-04 18:09:24.988 UTC [203] LOG:  shutting down
postgres-1       | 2026-08-04 18:09:24.988 UTC [203] LOG:  checkpoint starting: shutdown immediate
postgres-1       | 2026-08-04 18:09:24.991 UTC [203] LOG:  checkpoint complete: wrote 1 buffers (0.0%); 0 WAL file(s) added, 0 removed, 0 recycled; write=0.002 s, sync=0.001 s, total=0.003 s; sync files=1, longest=0.001 s, average=0.001 s; distance=0 kB, estimate=5663 kB; lsn=0/21BC918, redo lsn=0/21BC918
postgres-1       | 2026-08-04 18:09:25.008 UTC [1] LOG:  database system is shut down
 Container qkern-v023-certification-postgres-1 Stopped 
[Kpostgres-1 exited with code 0

 Container qkern-v023-certification-certification-1 Stopping 
 Container qkern-v023-certification-certification-1 Stopped 
 Container qkern-v023-certification-certification-1 Removing 
 Container qkern-v023-certification-certification-1 Removed 
 Container qkern-v023-certification-postgres-1 Stopping 
 Container qkern-v023-certification-postgres-1 Stopped 
 Container qkern-v023-certification-postgres-1 Removing 
 Container qkern-v023-certification-postgres-1 Removed 
 Network qkern-v023-certification_default Removing 
 Network qkern-v023-certification_default Removed 
EXIT=1
