
> qkern-platform@2.73.0 test:functions:docker
> node scripts/functions-certification.mjs

Docker-Server 29.7.2
 Network qkern-functions-certification_default Creating 
 Network qkern-functions-certification_default Created 
 Container qkern-functions-certification-registry-1 Creating 
 Container qkern-functions-certification-postgres-1 Creating 
 Container qkern-functions-certification-postgres-1 Created 
 Container qkern-functions-certification-registry-1 Created 
 Container qkern-functions-certification-postgres-1 Starting 
 Container qkern-functions-certification-registry-1 Starting 
 Container qkern-functions-certification-registry-1 Started 
 Container qkern-functions-certification-postgres-1 Started 
 Container qkern-functions-certification-postgres-1 Waiting 
 Container qkern-functions-certification-registry-1 Waiting 
 Container qkern-functions-certification-registry-1 Healthy 
 Container qkern-functions-certification-postgres-1 Healthy 
Test-Image 127.0.0.1:55000/qkern/probe@sha256:46f91624a35ed58ab61a6cf1664d5b299c148dbf5ba2b428d079e8d72fba371f (lokal entfernt, wird aus der Registry geholt)

 RUN  v4.1.10 C:/Projekte/qkern/code/qkern


 Test Files  2 passed (2)
      Tests  33 passed (33)
   Start at  21:39:06
   Duration  42.18s (transform 368ms, setup 0ms, import 537ms, tests 41.31s, environment 0ms)

EXIT=0
EXIT=0
