
> qkern-platform@2.73.0 test:functions:docker
> node scripts/functions-certification.mjs

Docker-Server 29.7.2
 Network qkern-functions-certification_default Creating 
 Network qkern-functions-certification_default Created 
 Container qkern-functions-certification-registry-1 Creating 
 Container qkern-functions-certification-postgres-1 Creating 
 Container qkern-functions-certification-registry-1 Created 
 Container qkern-functions-certification-postgres-1 Created 
 Container qkern-functions-certification-registry-1 Starting 
 Container qkern-functions-certification-postgres-1 Starting 
 Container qkern-functions-certification-registry-1 Started 
 Container qkern-functions-certification-postgres-1 Started 
 Container qkern-functions-certification-registry-1 Waiting 
 Container qkern-functions-certification-postgres-1 Waiting 
 Container qkern-functions-certification-registry-1 Healthy 
 Container qkern-functions-certification-postgres-1 Healthy 
Test-Image 127.0.0.1:55000/qkern/probe@sha256:b753e565000282fe42b171a2bcf78e1f4599a0338c9edc2559730b62dfa2c2f6 (lokal entfernt, wird aus der Registry geholt)

 RUN  v4.1.10 C:/Projekte/qkern/code/qkern


 Test Files  2 passed (2)
      Tests  33 passed (33)
   Start at  00:03:48
   Duration  43.22s (transform 483ms, setup 0ms, import 691ms, tests 41.65s, environment 0ms)

EXIT=0
EXIT=0
