
> qkern-platform@2.73.0 test:auth:docker
> node scripts/auth-certification.mjs

 Network qkern-auth-v13-certification_default Creating 
 Network qkern-auth-v13-certification_default Created 
 Volume qkern-auth-v13-certification_auth-certification-certs Creating 
 Volume qkern-auth-v13-certification_auth-certification-certs Created 
 Container qkern-auth-v13-certification-mailpit-1 Creating 
 Container qkern-auth-v13-certification-certs-1 Creating 
 Container qkern-auth-v13-certification-certs-1 Created 
 Container qkern-auth-v13-certification-mailpit-1 Created 
 Container qkern-auth-v13-certification-dex-1 Creating 
 Container qkern-auth-v13-certification-dex-partner-1 Creating 
 Container qkern-auth-v13-certification-dex-1 Created 
 Container qkern-auth-v13-certification-dex-partner-1 Created 
 Container qkern-auth-v13-certification-certs-1 Starting 
 Container qkern-auth-v13-certification-mailpit-1 Starting 
 Container qkern-auth-v13-certification-mailpit-1 Started 
 Container qkern-auth-v13-certification-certs-1 Started 
 Container qkern-auth-v13-certification-certs-1 Waiting 
 Container qkern-auth-v13-certification-certs-1 Waiting 
 Container qkern-auth-v13-certification-certs-1 Exited 
 Container qkern-auth-v13-certification-certs-1 Exited 
 Container qkern-auth-v13-certification-dex-1 Starting 
 Container qkern-auth-v13-certification-dex-partner-1 Starting 
 Container qkern-auth-v13-certification-dex-1 Started 
 Container qkern-auth-v13-certification-dex-partner-1 Started 
 Container qkern-auth-v13-certification-mailpit-1 Waiting 
 Container qkern-auth-v13-certification-dex-1 Waiting 
 Container qkern-auth-v13-certification-dex-partner-1 Waiting 
 Container qkern-auth-v13-certification-certs-1 Waiting 
 Container qkern-auth-v13-certification-dex-1 Healthy 
 Container qkern-auth-v13-certification-certs-1 Exited 
 Container qkern-auth-v13-certification-dex-partner-1 Healthy 
 Container qkern-auth-v13-certification-mailpit-1 Healthy 
 Container qkern-auth-v13-certification-certification-run-65fd4ff71543 Creating 
 Container qkern-auth-v13-certification-certification-run-65fd4ff71543 Created 

added 322 packages, and audited 323 packages in 14s

93 packages are looking for funding
  run `npm fund` for details

10 vulnerabilities (6 moderate, 3 high, 1 critical)

To address issues that do not require attention, run:
  npm audit fix

To address all issues, run:
  npm audit fix --force

Run `npm audit` for details.
npm notice
npm notice New minor version of npm available! 11.5.1 -> 11.21.0
npm notice Changelog: https://github.com/npm/cli/releases/tag/v11.21.0
npm notice To update run: npm install -g npm@11.21.0
npm notice

> qkern-platform@2.73.0 test:auth:provider
> vitest run tests/project-auth-provider.integration.test.ts


[1m[30m[46m RUN [49m[39m[22m [36mv4.1.10 [39m[90m/workspace/qkern[39m

 [32m✓[39m tests/project-auth-provider.integration.test.ts [2m([22m[2m11 tests[22m[2m)[22m[33m 1154[2mms[22m[39m

[2m Test Files [22m [1m[32m1 passed[39m[22m[90m (1)[39m
[2m      Tests [22m [1m[32m11 passed[39m[22m[90m (11)[39m
[2m   Start at [22m 19:40:12
[2m   Duration [22m 3.20s[2m (transform 1.25s, setup 0ms, import 1.80s, tests 1.15s, environment 0ms)[22m

 Container qkern-auth-v13-certification-dex-partner-1 Stopping 
 Container qkern-auth-v13-certification-mailpit-1 Stopping 
 Container qkern-auth-v13-certification-dex-1 Stopping 
 Container qkern-auth-v13-certification-dex-partner-1 Stopped 
 Container qkern-auth-v13-certification-dex-partner-1 Removing 
 Container qkern-auth-v13-certification-dex-partner-1 Removed 
 Container qkern-auth-v13-certification-dex-1 Stopped 
 Container qkern-auth-v13-certification-dex-1 Removing 
 Container qkern-auth-v13-certification-dex-1 Removed 
 Container qkern-auth-v13-certification-certs-1 Stopping 
 Container qkern-auth-v13-certification-certs-1 Stopped 
 Container qkern-auth-v13-certification-certs-1 Removing 
 Container qkern-auth-v13-certification-certs-1 Removed 
 Container qkern-auth-v13-certification-mailpit-1 Stopped 
 Container qkern-auth-v13-certification-mailpit-1 Removing 
 Container qkern-auth-v13-certification-mailpit-1 Removed 
 Volume qkern-auth-v13-certification_auth-certification-certs Removing 
 Network qkern-auth-v13-certification_default Removing 
 Volume qkern-auth-v13-certification_auth-certification-certs Removed 
 Network qkern-auth-v13-certification_default Removed 
EXIT=0
EXIT=0
