
> qkern-platform@1.51.0 test:functions:docker
> node scripts/functions-certification.mjs

Docker-Server 29.5.3
node.exe :  Network qkern-functions-certification_default Creating 
In Zeile:1 Zeichen:1
+ & "C:\Program Files\nodejs/node.exe" "C:\Program Files\nodejs/node_mo ...
+ ~~~~~~~~~~~~~~~~~~~~~~~~~~~~~~~~~~~~~~~~~~~~~~~~~~~~~~~~~~~~~~~~~~~~~
    + CategoryInfo          : NotSpecified: ( Network qkern-...fault Creating :String) [], RemoteException
    + FullyQualifiedErrorId : NativeCommandError
 
 Network qkern-functions-certification_default Created 
 Container qkern-functions-certification-postgres-1 Creating 
 Container qkern-functions-certification-registry-1 Creating 
 Container qkern-functions-certification-registry-1 Created 
 Container qkern-functions-certification-postgres-1 Created 
 Container qkern-functions-certification-postgres-1 Starting 
 Container qkern-functions-certification-registry-1 Starting 
 Container qkern-functions-certification-registry-1 Started 
 Container qkern-functions-certification-postgres-1 Started 
 Container qkern-functions-certification-postgres-1 Waiting 
 Container qkern-functions-certification-registry-1 Waiting 
 Container qkern-functions-certification-registry-1 Healthy 
 Container qkern-functions-certification-postgres-1 Healthy 
Test-Image 127.0.0.1:55000/qkern/probe@sha256:3a09bfe02f8eafff568f9e0ffa4ed096e15d2ca4fd618c197684922b208e2ba4 (lokal entfernt, wird aus der Registry geholt)

 RUN  v4.1.10 C:/Projekte/QKERN


 Test Files  2 passed (2)
      Tests  26 passed (26)
   Start at  20:04:51
   Duration  37.06s (transform 260ms, setup 0ms, import 392ms, tests 36.35s, environment 0ms)

EXIT=0
