
> qkern-platform@1.46.0 test:functions:docker
> node scripts/functions-certification.mjs

Docker-Server 29.5.3
node.exe :  Network qkern-functions-certification_default Creating 
In Zeile:1 Zeichen:1
+ & "C:\Program Files\nodejs/node.exe" "C:\Program Files\nodejs/node_mo ...
+ ~~~~~~~~~~~~~~~~~~~~~~~~~~~~~~~~~~~~~~~~~~~~~~~~~~~~~~~~~~~~~~~~~~~~~
    + CategoryInfo          : NotSpecified: ( Network qkern-...fault Creating :String) [], RemoteException
    + FullyQualifiedErrorId : NativeCommandError
 
 Network qkern-functions-certification_default Created 
 Container qkern-functions-certification-postgres-1 Creating 
 Container qkern-functions-certification-registry-1 Creating 
 Container qkern-functions-certification-registry-1 Created 
 Container qkern-functions-certification-postgres-1 Created 
 Container qkern-functions-certification-registry-1 Starting 
 Container qkern-functions-certification-postgres-1 Starting 
 Container qkern-functions-certification-registry-1 Started 
 Container qkern-functions-certification-postgres-1 Started 
 Container qkern-functions-certification-registry-1 Waiting 
 Container qkern-functions-certification-postgres-1 Waiting 
 Container qkern-functions-certification-registry-1 Healthy 
 Container qkern-functions-certification-postgres-1 Healthy 
Test-Image 127.0.0.1:55000/qkern/probe@sha256:7c66ac40dfacc474a84285c45c66a6250881a52df9868b48676d7b727eecbfe2 (lokal entfernt, wird aus der Registry geholt)

 RUN  v4.1.10 C:/Projekte/QKERN


 Test Files  2 passed (2)
      Tests  26 passed (26)
   Start at  17:51:43
   Duration  41.90s (transform 292ms, setup 0ms, import 451ms, tests 41.09s, environment 0ms)

EXIT=0
