
> qkern-platform@2.68.0 test:functions:docker
> node scripts/functions-certification.mjs

Docker-Server 29.7.2
 Network qkern-functions-certification_default Creating 
 Network qkern-functions-certification_default Created 
 Container qkern-functions-certification-registry-1 Creating 
 Container qkern-functions-certification-postgres-1 Creating 
 Container qkern-functions-certification-registry-1 Created 
 Container qkern-functions-certification-postgres-1 Created 
 Container qkern-functions-certification-registry-1 Starting 
 Container qkern-functions-certification-postgres-1 Starting 
 Container qkern-functions-certification-registry-1 Started 
 Container qkern-functions-certification-postgres-1 Started 
 Container qkern-functions-certification-postgres-1 Waiting 
 Container qkern-functions-certification-registry-1 Waiting 
 Container qkern-functions-certification-registry-1 Healthy 
 Container qkern-functions-certification-postgres-1 Healthy 
Test-Image 127.0.0.1:55000/qkern/probe@sha256:7cef733ab8986b1670def9b470ae67ef3e1e0f77bf94f0b20981d8025f025dd4 (lokal entfernt, wird aus der Registry geholt)

 RUN  v4.1.10 C:/Projekte/qkern/code/qkern


 Test Files  2 passed (2)
      Tests  32 passed (32)
   Start at  22:52:58
   Duration  55.78s (transform 781ms, setup 0ms, import 1.17s, tests 53.35s, environment 0ms)

EXIT=0
