
> qkern-platform@2.69.0 test:functions:docker
> node scripts/functions-certification.mjs

Docker-Server 29.7.2
 Network qkern-slice-fns_default Creating 
 Network qkern-slice-fns_default Created 
 Container qkern-slice-fns-registry-1 Creating 
 Container qkern-slice-fns-postgres-1 Creating 
 Container qkern-slice-fns-postgres-1 Created 
 Container qkern-slice-fns-registry-1 Created 
 Container qkern-slice-fns-postgres-1 Starting 
 Container qkern-slice-fns-registry-1 Starting 
 Container qkern-slice-fns-postgres-1 Started 
 Container qkern-slice-fns-registry-1 Started 
 Container qkern-slice-fns-registry-1 Waiting 
 Container qkern-slice-fns-postgres-1 Waiting 
 Container qkern-slice-fns-registry-1 Healthy 
 Container qkern-slice-fns-postgres-1 Healthy 
Test-Image 127.0.0.1:55000/qkern/probe@sha256:89f3e9eea181d8e4c593f366cd1b82f2d87ea8a7284f0c2a96e0fb5e8d68257f (lokal entfernt, wird aus der Registry geholt)

 RUN  v4.1.10 C:/Projekte/qkern/wt-realtime


 Test Files  2 passed (2)
      Tests  33 passed (33)
   Start at  00:38:35
   Duration  42.88s (transform 367ms, setup 0ms, import 540ms, tests 42.02s, environment 0ms)

EXIT=0
EXIT=0
