
> qkern-platform@2.72.0 test:receiver:docker
> node scripts/receiver-certification.mjs

 Network qkern-slice-tracepass_default Creating 
 Network qkern-slice-tracepass_default Created 
 Network qkern-slice-tracepass_internal Creating 
 Network qkern-slice-tracepass_internal Created 
 Volume qkern-slice-tracepass_receiver-certification-certs Creating 
 Volume qkern-slice-tracepass_receiver-certification-certs Created 
 Container qkern-slice-tracepass-internal-1 Creating 
 Container qkern-slice-tracepass-postgres-1 Creating 
 Container qkern-slice-tracepass-certs-1 Creating 
 Container qkern-slice-tracepass-internal-1 Created 
 Container qkern-slice-tracepass-certs-1 Created 
 Container qkern-slice-tracepass-receiver-1 Creating 
 Container qkern-slice-tracepass-postgres-1 Created 
 Container qkern-slice-tracepass-receiver-1 Created 
 Container qkern-slice-tracepass-postgres-1 Starting 
 Container qkern-slice-tracepass-internal-1 Starting 
 Container qkern-slice-tracepass-certs-1 Starting 
 Container qkern-slice-tracepass-certs-1 Started 
 Container qkern-slice-tracepass-certs-1 Waiting 
 Container qkern-slice-tracepass-internal-1 Started 
 Container qkern-slice-tracepass-postgres-1 Started 
 Container qkern-slice-tracepass-certs-1 Exited 
 Container qkern-slice-tracepass-receiver-1 Starting 
 Container qkern-slice-tracepass-receiver-1 Started 
 Container qkern-slice-tracepass-receiver-1 Waiting 
 Container qkern-slice-tracepass-internal-1 Waiting 
 Container qkern-slice-tracepass-postgres-1 Waiting 
 Container qkern-slice-tracepass-certs-1 Waiting 
 Container qkern-slice-tracepass-certs-1 Exited 
 Container qkern-slice-tracepass-internal-1 Healthy 
 Container qkern-slice-tracepass-receiver-1 Healthy 
 Container qkern-slice-tracepass-postgres-1 Healthy 
 Container qkern-slice-tracepass-certification-run-243f42529fdb Creating 
 Container qkern-slice-tracepass-certification-run-243f42529fdb Created 

added 322 packages, and audited 323 packages in 15s

93 packages are looking for funding
  run `npm fund` for details

10 vulnerabilities (6 moderate, 3 high, 1 critical)

To address issues that do not require attention, run:
  npm audit fix

To address all issues, run:
  npm audit fix --force

Run `npm audit` for details.
npm notice
npm notice New minor version of npm available! 11.5.1 -> 11.21.0
npm notice Changelog: https://github.com/npm/cli/releases/tag/v11.21.0
npm notice To update run: npm install -g npm@11.21.0
npm notice

> qkern-platform@2.72.0 test:receiver
> vitest run tests/receiver.integration.test.ts


[1m[30m[46m RUN [49m[39m[22m [36mv4.1.10 [39m[90m/workspace/qkern[39m

 [32m✓[39m tests/receiver.integration.test.ts [2m([22m[2m17 tests[22m[2m)[22m[33m 5063[2mms[22m[39m
     [33m[2m✓[22m[39m delivers from the shipped process and reports it [33m 1011[2mms[22m[39m
     [33m[2m✓[22m[39m reports a refused delivery from the shipped process [33m 509[2mms[22m[39m
     [33m[2m✓[22m[39m publishes an incident from the shipped process [33m 1021[2mms[22m[39m
     [33m[2m✓[22m[39m publishes an apply request from the shipped process [33m 508[2mms[22m[39m
     [33m[2m✓[22m[39m provisions a project database from the shipped process [33m 1013[2mms[22m[39m
     [33m[2m✓[22m[39m names the failing step when its heartbeat cannot be written [33m 504[2mms[22m[39m

[2m Test Files [22m [1m[32m1 passed[39m[22m[90m (1)[39m
[2m      Tests [22m [1m[32m17 passed[39m[22m[90m (17)[39m
[2m   Start at [22m 20:55:44
[2m   Duration [22m 5.81s[2m (transform 446ms, setup 0ms, import 591ms, tests 5.06s, environment 0ms)[22m

 Container qkern-slice-tracepass-internal-1 Stopping 
 Container qkern-slice-tracepass-postgres-1 Stopping 
 Container qkern-slice-tracepass-receiver-1 Stopping 
 Container qkern-slice-tracepass-postgres-1 Stopped 
 Container qkern-slice-tracepass-postgres-1 Removing 
 Container qkern-slice-tracepass-postgres-1 Removed 
 Container qkern-slice-tracepass-internal-1 Stopped 
 Container qkern-slice-tracepass-internal-1 Removing 
 Container qkern-slice-tracepass-internal-1 Removed 
 Container qkern-slice-tracepass-receiver-1 Stopped 
 Container qkern-slice-tracepass-receiver-1 Removing 
 Container qkern-slice-tracepass-receiver-1 Removed 
 Container qkern-slice-tracepass-certs-1 Stopping 
 Container qkern-slice-tracepass-certs-1 Stopped 
 Container qkern-slice-tracepass-certs-1 Removing 
 Container qkern-slice-tracepass-certs-1 Removed 
 Network qkern-slice-tracepass_internal Removing 
 Network qkern-slice-tracepass_default Removing 
 Volume qkern-slice-tracepass_receiver-certification-certs Removing 
 Volume qkern-slice-tracepass_receiver-certification-certs Removed 
 Network qkern-slice-tracepass_internal Removed 
 Network qkern-slice-tracepass_default Removed 
EXIT=0
RECEIVER1=0
