
> qkern-platform@2.72.0 test:vault:docker
> node scripts/vault-certification.mjs

 Network qkern-slice-tracepass_default Creating 
 Network qkern-slice-tracepass_default Created 
 Container qkern-slice-tracepass-vault-1 Creating 
 Container qkern-slice-tracepass-vault-1 Created 
 Container qkern-slice-tracepass-certification-1 Creating 
 Container qkern-slice-tracepass-certification-1 Created 
Attaching to certification-1, vault-1
 Container qkern-slice-tracepass-vault-1 Starting 
 Container qkern-slice-tracepass-vault-1 Started 
 Container qkern-slice-tracepass-vault-1 Waiting 
vault-1  | ==> Vault server configuration:
vault-1  | 
vault-1  | Administrative Namespace: 
vault-1  |              Api Address: http://0.0.0.0:8200
vault-1  |                      Cgo: disabled
vault-1  |          Cluster Address: https://0.0.0.0:8201
vault-1  |    Environment Variables: GOTRACEBACK, HOME, HOSTNAME, NAME, PATH, PWD, SHLVL, VAULT_DEV_LISTEN_ADDRESS, VAULT_DEV_ROOT_TOKEN_ID, VERSION
vault-1  |               Go Version: go1.23.3
vault-1  |               Listener 1: tcp (addr: "0.0.0.0:8200", cluster address: "0.0.0.0:8201", disable_request_limiter: "false", max_request_duration: "1m30s", max_request_size: "33554432", tls: "disabled")
vault-1  |                Log Level: 
vault-1  |                    Mlock: supported: true, enabled: false
vault-1  |            Recovery Mode: false
vault-1  |                  Storage: inmem
vault-1  |                  Version: Vault v1.18.3, built 2024-12-16T14:00:53Z
vault-1  |              Version Sha: 7ae4eca5403bf574f142cd8f987b8d83bafcd1de
vault-1  | 
vault-1  | ==> Vault server started! Log data will stream in below:
vault-1  | 
vault-1  | 2026-10-01T20:58:17.927Z [INFO]  proxy environment: http_proxy="" https_proxy="" no_proxy=""
vault-1  | 2026-10-01T20:58:17.928Z [INFO]  incrementing seal generation: generation=1
vault-1  | 2026-10-01T20:58:17.928Z [WARN]  no `api_addr` value specified in config or in VAULT_API_ADDR; falling back to detection if possible, but this value should be manually set
vault-1  | 2026-10-01T20:58:17.929Z [INFO]  core: Initializing version history cache for core
vault-1  | 2026-10-01T20:58:17.929Z [INFO]  events: Starting event system
vault-1  | 2026-10-01T20:58:17.930Z [INFO]  core: security barrier not initialized
vault-1  | 2026-10-01T20:58:17.930Z [INFO]  core: security barrier initialized: stored=1 shares=1 threshold=1
vault-1  | 2026-10-01T20:58:17.931Z [INFO]  core: post-unseal setup starting
vault-1  | 2026-10-01T20:58:17.944Z [INFO]  core: loaded wrapping token key
vault-1  | 2026-10-01T20:58:17.944Z [INFO]  core: successfully setup plugin runtime catalog
vault-1  | 2026-10-01T20:58:17.944Z [INFO]  core: successfully setup plugin catalog: plugin-directory=""
vault-1  | 2026-10-01T20:58:17.944Z [INFO]  core: no mounts; adding default mount table
vault-1  | 2026-10-01T20:58:17.951Z [INFO]  core: successfully mounted: type=cubbyhole version="v1.18.3+builtin.vault" path=cubbyhole/ namespace="ID: root. Path: "
vault-1  | 2026-10-01T20:58:17.953Z [INFO]  core: successfully mounted: type=system version="v1.18.3+builtin.vault" path=sys/ namespace="ID: root. Path: "
vault-1  | 2026-10-01T20:58:17.954Z [INFO]  core: successfully mounted: type=identity version="v1.18.3+builtin.vault" path=identity/ namespace="ID: root. Path: "
vault-1  | 2026-10-01T20:58:17.958Z [INFO]  core: successfully mounted: type=token version="v1.18.3+builtin.vault" path=token/ namespace="ID: root. Path: "
vault-1  | 2026-10-01T20:58:17.958Z [INFO]  rollback: Starting the rollback manager with 256 workers
vault-1  | 2026-10-01T20:58:17.959Z [INFO]  rollback: starting rollback manager
vault-1  | 2026-10-01T20:58:17.959Z [INFO]  core: restoring leases
vault-1  | 2026-10-01T20:58:17.960Z [INFO]  expiration: lease restore complete
vault-1  | 2026-10-01T20:58:17.961Z [INFO]  identity: entities restored
vault-1  | 2026-10-01T20:58:17.961Z [INFO]  identity: groups restored
vault-1  | 2026-10-01T20:58:17.962Z [INFO]  core: Recorded vault version: vault version=1.18.3 upgrade time="2026-10-01 20:58:17.961933138 +0000 UTC" build date=2024-12-16T14:00:53Z
vault-1  | 2026-10-01T20:58:17.962Z [INFO]  core: post-unseal setup complete
vault-1  | 2026-10-01T20:58:17.963Z [INFO]  core: root token generated
vault-1  | 2026-10-01T20:58:17.963Z [INFO]  core: pre-seal teardown starting
vault-1  | 2026-10-01T20:58:17.963Z [INFO]  rollback: stopping rollback manager
vault-1  | 2026-10-01T20:58:17.963Z [INFO]  core: pre-seal teardown complete
vault-1  | 2026-10-01T20:58:17.964Z [INFO]  core.cluster-listener.tcp: starting listener: listener_address=0.0.0.0:8201
vault-1  | 2026-10-01T20:58:17.964Z [INFO]  core.cluster-listener: serving cluster requests: cluster_listen_address=[::]:8201
vault-1  | 2026-10-01T20:58:17.964Z [INFO]  core: post-unseal setup starting
vault-1  | 2026-10-01T20:58:17.964Z [INFO]  core: loaded wrapping token key
vault-1  | 2026-10-01T20:58:17.964Z [INFO]  core: successfully setup plugin runtime catalog
vault-1  | 2026-10-01T20:58:17.964Z [INFO]  core: successfully setup plugin catalog: plugin-directory=""
vault-1  | 2026-10-01T20:58:17.966Z [INFO]  core: successfully mounted: type=system version="v1.18.3+builtin.vault" path=sys/ namespace="ID: root. Path: "
vault-1  | 2026-10-01T20:58:17.967Z [INFO]  core: successfully mounted: type=identity version="v1.18.3+builtin.vault" path=identity/ namespace="ID: root. Path: "
vault-1  | 2026-10-01T20:58:17.967Z [INFO]  core: successfully mounted: type=cubbyhole version="v1.18.3+builtin.vault" path=cubbyhole/ namespace="ID: root. Path: "
vault-1  | 2026-10-01T20:58:17.969Z [INFO]  core: successfully mounted: type=token version="v1.18.3+builtin.vault" path=token/ namespace="ID: root. Path: "
vault-1  | 2026-10-01T20:58:17.969Z [INFO]  rollback: Starting the rollback manager with 256 workers
vault-1  | 2026-10-01T20:58:17.969Z [INFO]  rollback: starting rollback manager
vault-1  | 2026-10-01T20:58:17.970Z [INFO]  core: restoring leases
vault-1  | 2026-10-01T20:58:17.970Z [INFO]  expiration: lease restore complete
vault-1  | 2026-10-01T20:58:17.972Z [INFO]  identity: entities restored
vault-1  | 2026-10-01T20:58:17.972Z [INFO]  identity: groups restored
vault-1  | 2026-10-01T20:58:17.972Z [INFO]  core: post-unseal setup complete
vault-1  | 2026-10-01T20:58:17.973Z [INFO]  core: vault is unsealed
vault-1  | 2026-10-01T20:58:17.977Z [INFO]  expiration: revoked lease: lease_id=auth/token/root/h2896c96f21493b4cd193301e4b378f40c6a4e7bf68d89e4de453c637fc30eba6
vault-1  | 2026-10-01T20:58:17.987Z [INFO]  core: successful mount: namespace="" path=secret/ type=kv version="v0.20.0+builtin"
vault-1  | WARNING! dev mode is enabled! In this mode, Vault runs entirely in-memory
vault-1  | and starts unsealed with a single unseal key. The root token is already
vault-1  | authenticated to the CLI, so you can immediately begin using Vault.
vault-1  | 
vault-1  | You may need to set the following environment variables:
vault-1  | 
vault-1  |     $ export VAULT_ADDR='http://0.0.0.0:8200'
vault-1  | 
vault-1  | The unseal key and root token are displayed below in case you want to
vault-1  | seal/unseal the Vault or re-authenticate.
vault-1  | 
vault-1  | Unseal Key: 0FsD4XovbwZXg9uJLb0zSCco2fjm5XiWWyYCgAoIero=
vault-1  | Root Token: qkern-certification-root-token
vault-1  | 
vault-1  | Development mode should NOT be used in production installations!
vault-1  | 
 Container qkern-slice-tracepass-vault-1 Healthy 
 Container qkern-slice-tracepass-certification-1 Starting 
 Container qkern-slice-tracepass-certification-1 Started 
certification-1  | vault-seed: two secrets written
certification-1  | 
certification-1  | added 322 packages, and audited 323 packages in 54s
certification-1  | 
certification-1  | 93 packages are looking for funding
certification-1  |   run `npm fund` for details
certification-1  | 
certification-1  | 10 vulnerabilities (6 moderate, 3 high, 1 critical)
certification-1  | 
certification-1  | To address issues that do not require attention, run:
certification-1  |   npm audit fix
certification-1  | 
certification-1  | To address all issues, run:
certification-1  |   npm audit fix --force
certification-1  | 
certification-1  | Run `npm audit` for details.
certification-1  | npm notice
certification-1  | npm notice New minor version of npm available! 11.5.1 -> 11.21.0
certification-1  | npm notice Changelog: https://github.com/npm/cli/releases/tag/v11.21.0
certification-1  | npm notice To update run: npm install -g npm@11.21.0
certification-1  | npm notice
certification-1  | 
certification-1  | > qkern-platform@2.72.0 test:vault
certification-1  | > vitest run tests/webhook-vault.integration.test.ts
certification-1  | 
certification-1  | 
certification-1  | [1m[30m[46m RUN [49m[39m[22m [36mv4.1.10 [39m[90m/workspace/qkern[39m
certification-1  | 
certification-1  |  [32m✓[39m tests/webhook-vault.integration.test.ts [2m([22m[2m8 tests[22m[2m)[22m[32m 130[2mms[22m[39m
certification-1  | 
certification-1  | [2m Test Files [22m [1m[32m1 passed[39m[22m[90m (1)[39m
certification-1  | [2m      Tests [22m [1m[32m8 passed[39m[22m[90m (8)[39m
certification-1  | [2m   Start at [22m 20:59:22
certification-1  | [2m   Duration [22m 445ms[2m (transform 126ms, setup 0ms, import 165ms, tests 130ms, environment 0ms)[22m
certification-1  | 
[Kcertification-1 exited with code 0
 Compose Stopping Aborting on container exit...
 Container qkern-slice-tracepass-certification-1 Stopping 
 Container qkern-slice-tracepass-certification-1 Stopped 
 Container qkern-slice-tracepass-vault-1 Stopping 
vault-1          | ==> Vault shutdown triggered
vault-1          | 2026-10-01T20:59:28.703Z [INFO]  core: marked as sealed
vault-1          | 2026-10-01T20:59:28.703Z [INFO]  core: pre-seal teardown starting
vault-1          | 2026-10-01T20:59:28.704Z [INFO]  rollback: stopping rollback manager
vault-1          | 2026-10-01T20:59:28.704Z [INFO]  core: pre-seal teardown complete
vault-1          | 2026-10-01T20:59:28.704Z [INFO]  core: stopping cluster listeners
vault-1          | 2026-10-01T20:59:28.704Z [INFO]  core.cluster-listener: forwarding rpc listeners stopped
vault-1          | 2026-10-01T20:59:29.067Z [INFO]  core.cluster-listener: rpc listeners successfully shut down
vault-1          | 2026-10-01T20:59:29.067Z [INFO]  core: cluster listeners successfully shut down
vault-1          | 2026-10-01T20:59:29.067Z [INFO]  core: vault is sealed
 Container qkern-slice-tracepass-vault-1 Stopped 
[Kvault-1 exited with code 0
 Container qkern-slice-tracepass-certification-1 Stopping 
 Container qkern-slice-tracepass-certification-1 Stopped 
 Container qkern-slice-tracepass-certification-1 Removing 
 Container qkern-slice-tracepass-certification-1 Removed 
 Container qkern-slice-tracepass-vault-1 Stopping 
 Container qkern-slice-tracepass-vault-1 Stopped 
 Container qkern-slice-tracepass-vault-1 Removing 
 Container qkern-slice-tracepass-vault-1 Removed 
 Network qkern-slice-tracepass_default Removing 
 Network qkern-slice-tracepass_default Removed 
EXIT=0
VAULT=0
