
> qkern-platform@2.69.0 test:functions:docker
> node scripts/functions-certification.mjs

Docker-Server 29.7.2
Entferne 1 Sandbox-Container aus einem frueheren Lauf.
 Network qkern-functions-certification_default Creating 
 Network qkern-functions-certification_default Created 
 Container qkern-functions-certification-registry-1 Creating 
 Container qkern-functions-certification-postgres-1 Creating 
 Container qkern-functions-certification-postgres-1 Created 
 Container qkern-functions-certification-registry-1 Created 
 Container qkern-functions-certification-registry-1 Starting 
 Container qkern-functions-certification-postgres-1 Starting 
 Container qkern-functions-certification-registry-1 Started 
 Container qkern-functions-certification-postgres-1 Started 
 Container qkern-functions-certification-registry-1 Waiting 
 Container qkern-functions-certification-postgres-1 Waiting 
 Container qkern-functions-certification-registry-1 Healthy 
 Container qkern-functions-certification-postgres-1 Healthy 
Test-Image 127.0.0.1:55000/qkern/probe@sha256:8d222e1ba23da04a6bfeec52e86bfaafbd9057757523492242ac69aaf5552216 (lokal entfernt, wird aus der Registry geholt)

 RUN  v4.1.10 C:/Projekte/qkern/code/qkern


 Test Files  2 passed (2)
      Tests  33 passed (33)
   Start at  18:28:03
   Duration  54.64s (transform 499ms, setup 0ms, import 750ms, tests 52.97s, environment 0ms)

EXIT=0
